Archive member included to satisfy reference by file (symbol)

e:/mounriver/mounriver_studio/toolchain/risc-v embedded gcc/bin/../lib/gcc/riscv-none-embed/8.2.0/../../../../riscv-none-embed/lib/rv32imafc/ilp32f\libm.a(lib_a-s_cos.o)
                              ./zf_device/zf_device_gps_tau1201.o (cos)
e:/mounriver/mounriver_studio/toolchain/risc-v embedded gcc/bin/../lib/gcc/riscv-none-embed/8.2.0/../../../../riscv-none-embed/lib/rv32imafc/ilp32f\libm.a(lib_a-s_sin.o)
                              ./zf_device/zf_device_gps_tau1201.o (sin)
e:/mounriver/mounriver_studio/toolchain/risc-v embedded gcc/bin/../lib/gcc/riscv-none-embed/8.2.0/../../../../riscv-none-embed/lib/rv32imafc/ilp32f\libm.a(lib_a-w_asin.o)
                              ./zf_device/zf_device_gps_tau1201.o (asin)
e:/mounriver/mounriver_studio/toolchain/risc-v embedded gcc/bin/../lib/gcc/riscv-none-embed/8.2.0/../../../../riscv-none-embed/lib/rv32imafc/ilp32f\libm.a(lib_a-w_atan2.o)
                              ./zf_device/zf_device_gps_tau1201.o (atan2)
e:/mounriver/mounriver_studio/toolchain/risc-v embedded gcc/bin/../lib/gcc/riscv-none-embed/8.2.0/../../../../riscv-none-embed/lib/rv32imafc/ilp32f\libm.a(lib_a-w_pow.o)
                              ./zf_device/zf_device_gps_tau1201.o (pow)
e:/mounriver/mounriver_studio/toolchain/risc-v embedded gcc/bin/../lib/gcc/riscv-none-embed/8.2.0/../../../../riscv-none-embed/lib/rv32imafc/ilp32f\libm.a(lib_a-w_sqrt.o)
                              ./zf_device/zf_device_gps_tau1201.o (sqrt)
e:/mounriver/mounriver_studio/toolchain/risc-v embedded gcc/bin/../lib/gcc/riscv-none-embed/8.2.0/../../../../riscv-none-embed/lib/rv32imafc/ilp32f\libm.a(lib_a-e_asin.o)
                              e:/mounriver/mounriver_studio/toolchain/risc-v embedded gcc/bin/../lib/gcc/riscv-none-embed/8.2.0/../../../../riscv-none-embed/lib/rv32imafc/ilp32f\libm.a(lib_a-w_asin.o) (__ieee754_asin)
e:/mounriver/mounriver_studio/toolchain/risc-v embedded gcc/bin/../lib/gcc/riscv-none-embed/8.2.0/../../../../riscv-none-embed/lib/rv32imafc/ilp32f\libm.a(lib_a-e_atan2.o)
                              e:/mounriver/mounriver_studio/toolchain/risc-v embedded gcc/bin/../lib/gcc/riscv-none-embed/8.2.0/../../../../riscv-none-embed/lib/rv32imafc/ilp32f\libm.a(lib_a-w_atan2.o) (__ieee754_atan2)
e:/mounriver/mounriver_studio/toolchain/risc-v embedded gcc/bin/../lib/gcc/riscv-none-embed/8.2.0/../../../../riscv-none-embed/lib/rv32imafc/ilp32f\libm.a(lib_a-e_pow.o)
                              e:/mounriver/mounriver_studio/toolchain/risc-v embedded gcc/bin/../lib/gcc/riscv-none-embed/8.2.0/../../../../riscv-none-embed/lib/rv32imafc/ilp32f\libm.a(lib_a-w_pow.o) (__ieee754_pow)
e:/mounriver/mounriver_studio/toolchain/risc-v embedded gcc/bin/../lib/gcc/riscv-none-embed/8.2.0/../../../../riscv-none-embed/lib/rv32imafc/ilp32f\libm.a(lib_a-e_rem_pio2.o)
                              e:/mounriver/mounriver_studio/toolchain/risc-v embedded gcc/bin/../lib/gcc/riscv-none-embed/8.2.0/../../../../riscv-none-embed/lib/rv32imafc/ilp32f\libm.a(lib_a-s_cos.o) (__ieee754_rem_pio2)
e:/mounriver/mounriver_studio/toolchain/risc-v embedded gcc/bin/../lib/gcc/riscv-none-embed/8.2.0/../../../../riscv-none-embed/lib/rv32imafc/ilp32f\libm.a(lib_a-e_sqrt.o)
                              e:/mounriver/mounriver_studio/toolchain/risc-v embedded gcc/bin/../lib/gcc/riscv-none-embed/8.2.0/../../../../riscv-none-embed/lib/rv32imafc/ilp32f\libm.a(lib_a-w_sqrt.o) (__ieee754_sqrt)
e:/mounriver/mounriver_studio/toolchain/risc-v embedded gcc/bin/../lib/gcc/riscv-none-embed/8.2.0/../../../../riscv-none-embed/lib/rv32imafc/ilp32f\libm.a(lib_a-k_cos.o)
                              e:/mounriver/mounriver_studio/toolchain/risc-v embedded gcc/bin/../lib/gcc/riscv-none-embed/8.2.0/../../../../riscv-none-embed/lib/rv32imafc/ilp32f\libm.a(lib_a-s_cos.o) (__kernel_cos)
e:/mounriver/mounriver_studio/toolchain/risc-v embedded gcc/bin/../lib/gcc/riscv-none-embed/8.2.0/../../../../riscv-none-embed/lib/rv32imafc/ilp32f\libm.a(lib_a-k_rem_pio2.o)
                              e:/mounriver/mounriver_studio/toolchain/risc-v embedded gcc/bin/../lib/gcc/riscv-none-embed/8.2.0/../../../../riscv-none-embed/lib/rv32imafc/ilp32f\libm.a(lib_a-e_rem_pio2.o) (__kernel_rem_pio2)
e:/mounriver/mounriver_studio/toolchain/risc-v embedded gcc/bin/../lib/gcc/riscv-none-embed/8.2.0/../../../../riscv-none-embed/lib/rv32imafc/ilp32f\libm.a(lib_a-k_sin.o)
                              e:/mounriver/mounriver_studio/toolchain/risc-v embedded gcc/bin/../lib/gcc/riscv-none-embed/8.2.0/../../../../riscv-none-embed/lib/rv32imafc/ilp32f\libm.a(lib_a-s_cos.o) (__kernel_sin)
e:/mounriver/mounriver_studio/toolchain/risc-v embedded gcc/bin/../lib/gcc/riscv-none-embed/8.2.0/../../../../riscv-none-embed/lib/rv32imafc/ilp32f\libm.a(lib_a-s_atan.o)
[...]
Memory Configuration

Name             Origin             Length             Attributes
RAM              0x0000000020000040 0x000000000000fc00 xrw
FLASH            0x0000000000000000 0x0000000000040000 xr
*default*        0x0000000000000000 0xffffffffffffffff

Linker script and memory map

LOAD ./zf_driver/zf_driver_adc.o
LOAD ./zf_driver/zf_driver_delay.o
LOAD ./zf_driver/zf_driver_dvp.o
LOAD ./zf_driver/zf_driver_encoder.o
LOAD ./zf_driver/zf_driver_exti.o
LOAD ./zf_driver/zf_driver_flash.o
LOAD ./zf_driver/zf_driver_gpio.o
LOAD ./zf_driver/zf_driver_iic.o
LOAD ./zf_driver/zf_driver_pit.o
LOAD ./zf_driver/zf_driver_pwm.o
LOAD ./zf_driver/zf_driver_soft_iic.o
LOAD ./zf_driver/zf_driver_soft_spi.o
LOAD ./zf_driver/zf_driver_spi.o
LOAD ./zf_driver/zf_driver_timer.o
LOAD ./zf_driver/zf_driver_uart.o
LOAD ./zf_driver/zf_driver_usb_cdc.o
LOAD ./zf_device/zf_device_absolute_encoder.o
LOAD ./zf_device/zf_device_aht20.o
LOAD ./zf_device/zf_device_bluetooth_ch9141.o
LOAD ./zf_device/zf_device_camera.o
LOAD ./zf_device/zf_device_detector.o
LOAD ./zf_device/zf_device_dl1a.o
LOAD ./zf_device/zf_device_dl1b.o
LOAD ./zf_device/zf_device_dm1xa.o
LOAD ./zf_device/zf_device_gps_tau1201.o
LOAD ./zf_device/zf_device_icm20602.o
LOAD ./zf_device/zf_device_imu660ra.o
LOAD ./zf_device/zf_device_imu963ra.o
LOAD ./zf_device/zf_device_ips114.o
LOAD ./zf_device/zf_device_ips200.o
LOAD ./zf_device/zf_device_k24c02.o
LOAD ./zf_device/zf_device_key.o
LOAD ./zf_device/zf_device_mpu6050.o
LOAD ./zf_device/zf_device_mt9v03x_dvp.o
LOAD ./zf_device/zf_device_oled.o
LOAD ./zf_device/zf_device_scc8660_dvp.o
LOAD ./zf_device/zf_device_tft180.o
LOAD ./zf_device/zf_device_type.o
LOAD ./zf_device/zf_device_virtual_oscilloscope.o
LOAD ./zf_device/zf_device_w25q32.o
LOAD ./zf_device/zf_device_wifi_spi.o
LOAD ./zf_device/zf_device_wifi_uart.o
LOAD ./zf_device/zf_device_wireless_ch573.o
LOAD ./zf_device/zf_device_wireless_uart.o
LOAD ./zf_common/zf_common_clock.o
LOAD ./zf_common/zf_common_debug.o
LOAD ./zf_common/zf_common_fifo.o
LOAD ./zf_common/zf_common_font.o
LOAD ./zf_common/zf_common_function.o
LOAD ./zf_common/zf_common_interrupt.o
LOAD ./user_c/isr.o
LOAD ./user_c/main.o
LOAD ./sdk/Startup/startup_ch32v30x_D8C.o
LOAD ./sdk/Peripheral/ch32v30x_adc.o
LOAD ./sdk/Peripheral/ch32v30x_bkp.o
LOAD ./sdk/Peripheral/ch32v30x_can.o
LOAD ./sdk/Peripheral/ch32v30x_crc.o
LOAD ./sdk/Peripheral/ch32v30x_dac.o
LOAD ./sdk/Peripheral/ch32v30x_dbgmcu.o
LOAD ./sdk/Peripheral/ch32v30x_dma.o
LOAD ./sdk/Peripheral/ch32v30x_dvp.o
LOAD ./sdk/Peripheral/ch32v30x_eth.o
LOAD ./sdk/Peripheral/ch32v30x_exti.o
LOAD ./sdk/Peripheral/ch32v30x_flash.o
LOAD ./sdk/Peripheral/ch32v30x_fsmc.o
LOAD ./sdk/Peripheral/ch32v30x_gpio.o
LOAD ./sdk/Peripheral/ch32v30x_i2c.o
LOAD ./sdk/Peripheral/ch32v30x_iwdg.o
LOAD ./sdk/Peripheral/ch32v30x_opa.o
LOAD ./sdk/Peripheral/ch32v30x_pwr.o
LOAD ./sdk/Peripheral/ch32v30x_rcc.o
LOAD ./sdk/Peripheral/ch32v30x_rng.o
LOAD ./sdk/Peripheral/ch32v30x_rtc.o
LOAD ./sdk/Peripheral/ch32v30x_sdio.o
LOAD ./sdk/Peripheral/ch32v30x_spi.o
LOAD ./sdk/Peripheral/ch32v30x_tim.o
LOAD ./sdk/Peripheral/ch32v30x_usart.o
LOAD ./sdk/Peripheral/ch32v30x_usbotg_device.o
LOAD ./sdk/Peripheral/ch32v30x_wwdg.o
LOAD ./sdk/Core/core_riscv.o
LOAD ./code/Encoder.o
LOAD ./code/FIliter.o
LOAD ./code/Menu.o
LOAD ./code/VO.o
LOAD ./code/camera.o
LOAD ./code/pid.o
LOAD e:/mounriver/mounriver_studio/toolchain/risc-v embedded gcc/bin/../lib/gcc/riscv-none-embed/8.2.0/../../../../riscv-none-embed/lib/rv32imafc/ilp32f\libm.a
LOAD E:\Seekfree_CH32V307VCT6_Opensource_Library\libraries\zf_device\libzf_device_config.a
LOAD e:/mounriver/mounriver_studio/toolchain/risc-v embedded gcc/bin/../lib/gcc/riscv-none-embed/8.2.0/rv32imafc/ilp32f\libgcc.a
LOAD e:/mounriver/mounriver_studio/toolchain/risc-v embedded gcc/bin/../lib/gcc/riscv-none-embed/8.2.0/../../../../riscv-none-embed/lib/rv32imafc/ilp32f\libg_nano.a
LOAD e:/mounriver/mounriver_studio/toolchain/risc-v embedded gcc/bin/../lib/gcc/riscv-none-embed/8.2.0/../../../../riscv-none-embed/lib/rv32imafc/ilp32f\libc_nano.a
LOAD e:/mounriver/mounriver_studio/toolchain/risc-v embedded gcc/bin/../lib/gcc/riscv-none-embed/8.2.0/rv32imafc/ilp32f\libgcc.a
START GROUP
LOAD e:/mounriver/mounriver_studio/toolchain/risc-v embedded gcc/bin/../lib/gcc/riscv-none-embed/8.2.0/rv32imafc/ilp32f\libgcc.a
LOAD e:/mounriver/mounriver_studio/toolchain/risc-v embedded gcc/bin/../lib/gcc/riscv-none-embed/8.2.0/../../../../riscv-none-embed/lib/rv32imafc/ilp32f\libc_nano.a
LOAD e:/mounriver/mounriver_studio/toolchain/risc-v embedded gcc/bin/../lib/gcc/riscv-none-embed/8.2.0/../../../../riscv-none-embed/lib/rv32imafc/ilp32f\libnosys.a
END GROUP
START GROUP
LOAD e:/mounriver/mounriver_studio/toolchain/risc-v embedded gcc/bin/../lib/gcc/riscv-none-embed/8.2.0/rv32imafc/ilp32f\libgcc.a
LOAD e:/mounriver/mounriver_studio/toolchain/risc-v embedded gcc/bin/../lib/gcc/riscv-none-embed/8.2.0/../../../../riscv-none-embed/lib/rv32imafc/ilp32f\libc_nano.a
LOAD e:/mounriver/mounriver_studio/toolchain/risc-v embedded gcc/bin/../lib/gcc/riscv-none-embed/8.2.0/../../../../riscv-none-embed/lib/rv32imafc/ilp32f\libnosys.a
END GROUP
                0x0000000000000800                __stack_size = 0x800
                [!provide]                        PROVIDE (_stack_size = __stack_size)

.init           0x0000000000000000       0x38
                0x0000000000000000                _sinit = .
                0x0000000000000000                . = ALIGN (0x4)
 *(SORT_NONE(.init))
 .init          0x0000000000000000       0x38 ./sdk/Startup/startup_ch32v30x_D8C.o
                0x0000000000000000                _start
                0x0000000000000038                . = ALIGN (0x4)
                0x0000000000000038                _einit = .

.vector         0x0000000000000038      0x1c8
 *(.vector)
 .vector        0x0000000000000038      0x1a0 ./sdk/Startup/startup_ch32v30x_D8C.o
                0x0000000000000200                . = ALIGN (0x40)
 *fill*         0x00000000000001d8       0x28 

.text           0x0000000000000200    0x125ac
                0x0000000000000200                . = ALIGN (0x4)
 *(.text)
 .text          0x0000000000000200       0xa8 e:/mounriver/mounriver_studio/toolchain/risc-v embedded gcc/bin/../lib/gcc/riscv-none-embed/8.2.0/../../../../riscv-none-embed/lib/rv32imafc/ilp32f\libg_nano.a(lib_a-memset.o)
                0x0000000000000200                memset
 .text          0x00000000000002a8      0x11e e:/mounriver/mounriver_studio/toolchain/risc-v embedded gcc/bin/../lib/gcc/riscv-none-embed/8.2.0/../../../../riscv-none-embed/lib/rv32imafc/ilp32f\libg_nano.a(lib_a-strcmp.o)
                0x00000000000002a8                strcmp
 *(.text.*)
 .text.system_delay_ms
                0x00000000000003c6       0xa2 ./zf_driver/zf_driver_delay.o
                0x00000000000003c6                system_delay_ms
 .text.dvp_gpio_init
                0x0000000000000468      0x102 ./zf_driver/zf_driver_dvp.o
                0x0000000000000468                dvp_gpio_init
 .text.dvp_camera_init
                0x000000000000056a      0x144 ./zf_driver/zf_driver_dvp.o
                0x000000000000056a                dvp_camera_init
 .text.encoder_get_count
                0x00000000000006ae      0x14e ./zf_driver/zf_driver_encoder.o
                0x00000000000006ae                encoder_get_count
 .text.encoder_clear_count
                0x00000000000007fc       0x9a ./zf_driver/zf_driver_encoder.o
                0x00000000000007fc                encoder_clear_count
 .text.gpio_set_level
                0x0000000000000896       0x78 ./zf_driver/zf_driver_gpio.o
                0x0000000000000896                gpio_set_level
 .text.gpio_get_level
                0x000000000000090e       0x42 ./zf_driver/zf_driver_gpio.o
                0x000000000000090e                gpio_get_level
 .text.gpio_init
                0x0000000000000950      0x15c ./zf_driver/zf_driver_gpio.o
                0x0000000000000950                gpio_init
 .text.pit_init
                0x0000000000000aac      0x218 ./zf_driver/zf_driver_pit.o
                0x0000000000000aac                pit_init
 .text.pwm_init
                0x0000000000000cc4      0x416 ./zf_driver/zf_driver_pwm.o
                0x0000000000000cc4                pwm_init
 .text.soft_iic_start
                0x00000000000010da      0x128 ./zf_driver/zf_driver_soft_iic.o
 .text.soft_iic_stop
                0x0000000000001202      0x142 ./zf_driver/zf_driver_soft_iic.o
 .text.soft_iic_send_ack
                0x0000000000001344      0x196 ./zf_driver/zf_driver_soft_iic.o
 .text.soft_iic_wait_ack
                0x00000000000014da      0x160 ./zf_driver/zf_driver_soft_iic.o
 .text.soft_iic_send_data
                0x000000000000163a      0x16e ./zf_driver/zf_driver_soft_iic.o
 .text.soft_iic_read_data
                0x00000000000017a8      0x1e8 ./zf_driver/zf_driver_soft_iic.o
 .text.soft_iic_sccb_write_register
                0x0000000000001990       0x80 ./zf_driver/zf_driver_soft_iic.o
                0x0000000000001990                soft_iic_sccb_write_register
 .text.soft_iic_sccb_read_register
                0x0000000000001a10       0xb4 ./zf_driver/zf_driver_soft_iic.o
                0x0000000000001a10                soft_iic_sccb_read_register
 .text.soft_iic_init
                0x0000000000001ac4       0xb2 ./zf_driver/zf_driver_soft_iic.o
                0x0000000000001ac4                soft_iic_init
 .text.spi_write_8bit
                0x0000000000001b76       0x6a ./zf_driver/zf_driver_spi.o
                0x0000000000001b76                spi_write_8bit
 .text.spi_write_16bit
                0x0000000000001be0       0xa6 ./zf_driver/zf_driver_spi.o
                0x0000000000001be0                spi_write_16bit
 .text.spi_init
                0x0000000000001c86      0x2d6 ./zf_driver/zf_driver_spi.o
                0x0000000000001c86                spi_init
 .text.timer_funciton_check
                0x0000000000001f5c       0x66 ./zf_driver/zf_driver_timer.o
                0x0000000000001f5c                timer_funciton_check
 .text.timer_clock_enable
                0x0000000000001fc2       0xe2 ./zf_driver/zf_driver_timer.o
                0x0000000000001fc2                timer_clock_enable
 .text.timer_get
                0x00000000000020a4       0xfe ./zf_driver/zf_driver_timer.o
                0x00000000000020a4                timer_get
 .text.timer_clear
                0x00000000000021a2       0xc4 ./zf_driver/zf_driver_timer.o
                0x00000000000021a2                timer_clear
 .text.uart_write_byte
                0x0000000000002266       0x56 ./zf_driver/zf_driver_uart.o
                0x0000000000002266                uart_write_byte
 .text.uart_write_buffer
                0x00000000000022bc       0x64 ./zf_driver/zf_driver_uart.o
                0x00000000000022bc                uart_write_buffer
 .text.uart_write_string
                0x0000000000002320       0x60 ./zf_driver/zf_driver_uart.o
                0x0000000000002320                uart_write_string
 .text.uart_rx_interrupt
                0x0000000000002380       0x84 ./zf_driver/zf_driver_uart.o
                0x0000000000002380                uart_rx_interrupt
 .text.uart_query_byte
                0x0000000000002404       0x5e ./zf_driver/zf_driver_uart.o
                0x0000000000002404                uart_query_byte
 .text.uart_init
                0x0000000000002462      0x5aa ./zf_driver/zf_driver_uart.o
                0x0000000000002462                uart_init
 .text.camera_fifo_init
                0x0000000000002a0c       0x22 ./zf_device/zf_device_camera.o
                0x0000000000002a0c                camera_fifo_init
 .text.dm1xa_sound_callback
                0x0000000000002a2e       0xf6 ./zf_device/zf_device_dm1xa.o
                0x0000000000002a2e                dm1xa_sound_callback
 .text.dm1xa_light_callback
                0x0000000000002b24       0x32 ./zf_device/zf_device_dm1xa.o
                0x0000000000002b24                dm1xa_light_callback
 .text.gps_uart_callback
                0x0000000000002b56      0x10e ./zf_device/zf_device_gps_tau1201.o
                0x0000000000002b56                gps_uart_callback
 .text.key_scanner
                0x0000000000002c64      0x23e ./zf_device/zf_device_key.o
                0x0000000000002c64                key_scanner
 .text.key_get_state
                0x0000000000002ea2       0x20 ./zf_device/zf_device_key.o
                0x0000000000002ea2                key_get_state
 .text.key_init
                0x0000000000002ec2       0x88 ./zf_device/zf_device_key.o
                0x0000000000002ec2                key_init
 .text.mt9v03x_set_config
                0x0000000000002f4a      0x12c ./zf_device/zf_device_mt9v03x_dvp.o
 .text.mt9v03x_get_config
                0x0000000000003076      0x164 ./zf_device/zf_device_mt9v03x_dvp.o
 .text.mt9v03x_uart_handler
                0x00000000000031da       0x44 ./zf_device/zf_device_mt9v03x_dvp.o
 .text.mt9v03x_dvp_handler
                0x000000000000321e       0x14 ./zf_device/zf_device_mt9v03x_dvp.o
                0x000000000000321e                mt9v03x_dvp_handler
 .text.mt9v03x_get_version
                0x0000000000003232       0xca ./zf_device/zf_device_mt9v03x_dvp.o
                0x0000000000003232                mt9v03x_get_version
 .text.mt9v03x_init
                0x00000000000032fc      0x180 ./zf_device/zf_device_mt9v03x_dvp.o
                0x00000000000032fc                mt9v03x_init
 .text.tft180_write_index
                0x000000000000347c       0x44 ./zf_device/zf_device_tft180.o
 .text.tft180_set_region
                0x00000000000034c0      0x1e8 ./zf_device/zf_device_tft180.o
 .text.tft180_debug_init
                0x00000000000036a8       0x86 ./zf_device/zf_device_tft180.o
 .text.tft180_clear
                0x000000000000372e       0x8c ./zf_device/zf_device_tft180.o
                0x000000000000372e                tft180_clear
 .text.tft180_full
                0x00000000000037ba       0x8e ./zf_device/zf_device_tft180.o
                0x00000000000037ba                tft180_full
 .text.tft180_set_dir
                0x0000000000003848       0x50 ./zf_device/zf_device_tft180.o
                0x0000000000003848                tft180_set_dir
 .text.tft180_set_font
                0x0000000000003898       0x1a ./zf_device/zf_device_tft180.o
                0x0000000000003898                tft180_set_font
 .text.tft180_set_color
                0x00000000000038b2       0x34 ./zf_device/zf_device_tft180.o
                0x00000000000038b2                tft180_set_color
 .text.tft180_show_char
                0x00000000000038e6      0x2ba ./zf_device/zf_device_tft180.o
                0x00000000000038e6                tft180_show_char
 .text.tft180_show_string
                0x0000000000003ba0      0x110 ./zf_device/zf_device_tft180.o
                0x0000000000003ba0                tft180_show_string
 .text.tft180_show_float
                0x0000000000003cb0      0x208 ./zf_device/zf_device_tft180.o
                0x0000000000003cb0                tft180_show_float
 .text.tft180_init
                0x0000000000003eb8      0x426 ./zf_device/zf_device_tft180.o
                0x0000000000003eb8                tft180_init
 .text.type_default_callback
                0x00000000000042de        0xe ./zf_device/zf_device_type.o
 .text.set_camera_type
                0x00000000000042ec       0x52 ./zf_device/zf_device_type.o
                0x00000000000042ec                set_camera_type
 .text.set_wireless_type
                0x000000000000433e       0x36 ./zf_device/zf_device_type.o
                0x000000000000433e                set_wireless_type
 .text.wireless_uart_send_buffer
                0x0000000000004374       0xb8 ./zf_device/zf_device_wireless_uart.o
                0x0000000000004374                wireless_uart_send_buffer
 .text.wireless_uart_read_buffer
                0x000000000000442c       0x5c ./zf_device/zf_device_wireless_uart.o
                0x000000000000442c                wireless_uart_read_buffer
 .text.wireless_uart_callback
                0x0000000000004488       0x2e ./zf_device/zf_device_wireless_uart.o
                0x0000000000004488                wireless_uart_callback
 .text.wireless_uart_init
                0x00000000000044b6       0x72 ./zf_device/zf_device_wireless_uart.o
                0x00000000000044b6                wireless_uart_init
 .text.clock_reset
                0x0000000000004528       0x76 ./zf_common/zf_common_clock.o
                0x0000000000004528                clock_reset
 .text.clock_set_freq
                0x000000000000459e      0x1e0 ./zf_common/zf_common_clock.o
                0x000000000000459e                clock_set_freq
 .text.clock_init
                0x000000000000477e       0x2e ./zf_common/zf_common_clock.o
                0x000000000000477e                clock_init
 .text.__NOP    0x00000000000047ac       0x10 ./zf_common/zf_common_debug.o
 .text.debug_delay
                0x00000000000047bc       0x54 ./zf_common/zf_common_debug.o
 .text.debug_protective_handler
                0x0000000000004810        0xe ./zf_common/zf_common_debug.o
 .text.debug_uart_str_output
                0x000000000000481e       0x20 ./zf_common/zf_common_debug.o
 .text.debug_output
                0x000000000000483e      0x564 ./zf_common/zf_common_debug.o
 .text.debug_interrupr_handler
                0x0000000000004da2       0x36 ./zf_common/zf_common_debug.o
                0x0000000000004da2                debug_interrupr_handler
 .text._write   0x0000000000004dd8       0x7c ./zf_common/zf_common_debug.o
                0x0000000000004dd8                _write
 .text.debug_assert_handler
                0x0000000000004e54       0x68 ./zf_common/zf_common_debug.o
                0x0000000000004e54                debug_assert_handler
 .text.debug_log_handler
                0x0000000000004ebc       0x4e ./zf_common/zf_common_debug.o
                0x0000000000004ebc                debug_log_handler
 .text.debug_output_struct_init
                0x0000000000004f0a       0x5a ./zf_common/zf_common_debug.o
                0x0000000000004f0a                debug_output_struct_init
 .text.debug_output_init
                0x0000000000004f64       0xa8 ./zf_common/zf_common_debug.o
                0x0000000000004f64                debug_output_init
 .text.debug_init
                0x000000000000500c       0x6c ./zf_common/zf_common_debug.o
                0x000000000000500c                debug_init
 .text.fifo_head_offset
                0x0000000000005078       0x4e ./zf_common/zf_common_fifo.o
 .text.fifo_end_offset
                0x00000000000050c6       0x4e ./zf_common/zf_common_fifo.o
 .text.fifo_clear
                0x0000000000005114      0x100 ./zf_common/zf_common_fifo.o
                0x0000000000005114                fifo_clear
 .text.fifo_used
                0x0000000000005214       0x44 ./zf_common/zf_common_fifo.o
                0x0000000000005214                fifo_used
 .text.fifo_write_element
                0x0000000000005258      0x118 ./zf_common/zf_common_fifo.o
                0x0000000000005258                fifo_write_element
 .text.fifo_write_buffer
                0x0000000000005370      0x304 ./zf_common/zf_common_fifo.o
                0x0000000000005370                fifo_write_buffer
 .text.fifo_read_buffer
                0x0000000000005674      0x2e0 ./zf_common/zf_common_fifo.o
                0x0000000000005674                fifo_read_buffer
 .text.fifo_init
                0x0000000000005954       0x96 ./zf_common/zf_common_fifo.o
                0x0000000000005954                fifo_init
 .text.func_double_to_str
                0x00000000000059ea      0x2a2 ./zf_common/zf_common_function.o
                0x00000000000059ea                func_double_to_str
 .text.__enable_irq
                0x0000000000005c8c       0x18 ./zf_common/zf_common_interrupt.o
 .text.__disable_irq
                0x0000000000005ca4       0x14 ./zf_common/zf_common_interrupt.o
 .text.NVIC_EnableIRQ
                0x0000000000005cb8       0x32 ./zf_common/zf_common_interrupt.o
 .text.NVIC_DisableIRQ
                0x0000000000005cea       0x32 ./zf_common/zf_common_interrupt.o
 .text.NVIC_SetPriority
                0x0000000000005d1c       0x2a ./zf_common/zf_common_interrupt.o
 .text.interrupt_enable
                0x0000000000005d46       0x1e ./zf_common/zf_common_interrupt.o
                0x0000000000005d46                interrupt_enable
 .text.interrupt_disable
                0x0000000000005d64       0x1e ./zf_common/zf_common_interrupt.o
                0x0000000000005d64                interrupt_disable
 .text.interrupt_set_priority
                0x0000000000005d82       0x2a ./zf_common/zf_common_interrupt.o
                0x0000000000005d82                interrupt_set_priority
 .text.interrupt_global_enable
                0x0000000000005dac       0x32 ./zf_common/zf_common_interrupt.o
                0x0000000000005dac                interrupt_global_enable
 .text.interrupt_global_disable
                0x0000000000005dde       0x2c ./zf_common/zf_common_interrupt.o
                0x0000000000005dde                interrupt_global_disable
 .text.interrupt_init
                0x0000000000005e0a       0x18 ./zf_common/zf_common_interrupt.o
                0x0000000000005e0a                interrupt_init
 .text.USART1_IRQHandler
                0x0000000000005e22       0xc4 ./user_c/isr.o
                0x0000000000005e22                USART1_IRQHandler
 .text.USART2_IRQHandler
                0x0000000000005ee6       0xc4 ./user_c/isr.o
                0x0000000000005ee6                USART2_IRQHandler
 .text.USART3_IRQHandler
                0x0000000000005faa       0xc8 ./user_c/isr.o
                0x0000000000005faa                USART3_IRQHandler
 .text.UART4_IRQHandler
                0x0000000000006072       0xc4 ./user_c/isr.o
                0x0000000000006072                UART4_IRQHandler
 .text.UART5_IRQHandler
                0x0000000000006136       0xc2 ./user_c/isr.o
                0x0000000000006136                UART5_IRQHandler
 .text.UART6_IRQHandler
                0x00000000000061f8       0xc4 ./user_c/isr.o
                0x00000000000061f8                UART6_IRQHandler
 .text.UART7_IRQHandler
                0x00000000000062bc       0xca ./user_c/isr.o
                0x00000000000062bc                UART7_IRQHandler
 .text.UART8_IRQHandler
                0x0000000000006386       0xc0 ./user_c/isr.o
                0x0000000000006386                UART8_IRQHandler
 .text.DVP_IRQHandler
                0x0000000000006446       0xd0 ./user_c/isr.o
                0x0000000000006446                DVP_IRQHandler
 .text.EXTI0_IRQHandler
                0x0000000000006516       0xb4 ./user_c/isr.o
                0x0000000000006516                EXTI0_IRQHandler
 .text.EXTI1_IRQHandler
                0x00000000000065ca       0xb4 ./user_c/isr.o
                0x00000000000065ca                EXTI1_IRQHandler
 .text.EXTI2_IRQHandler
                0x000000000000667e       0xb4 ./user_c/isr.o
                0x000000000000667e                EXTI2_IRQHandler
 .text.EXTI3_IRQHandler
                0x0000000000006732       0xb4 ./user_c/isr.o
                0x0000000000006732                EXTI3_IRQHandler
 .text.EXTI4_IRQHandler
                0x00000000000067e6       0xb4 ./user_c/isr.o
                0x00000000000067e6                EXTI4_IRQHandler
 .text.EXTI9_5_IRQHandler
                0x000000000000689a      0x118 ./user_c/isr.o
                0x000000000000689a                EXTI9_5_IRQHandler
 .text.EXTI15_10_IRQHandler
                0x00000000000069b2      0x132 ./user_c/isr.o
                0x00000000000069b2                EXTI15_10_IRQHandler
 .text.TIM1_UP_IRQHandler
                0x0000000000006ae4       0xc0 ./user_c/isr.o
                0x0000000000006ae4                TIM1_UP_IRQHandler
 .text.TIM2_IRQHandler
                0x0000000000006ba4       0xb8 ./user_c/isr.o
                0x0000000000006ba4                TIM2_IRQHandler
 .text.TIM3_IRQHandler
                0x0000000000006c5c       0xc0 ./user_c/isr.o
                0x0000000000006c5c                TIM3_IRQHandler
 .text.TIM4_IRQHandler
                0x0000000000006d1c       0xc0 ./user_c/isr.o
                0x0000000000006d1c                TIM4_IRQHandler
 .text.TIM5_IRQHandler
                0x0000000000006ddc       0xc4 ./user_c/isr.o
                0x0000000000006ddc                TIM5_IRQHandler
 .text.TIM6_IRQHandler
                0x0000000000006ea0       0xbc ./user_c/isr.o
                0x0000000000006ea0                TIM6_IRQHandler
 .text.TIM7_IRQHandler
                0x0000000000006f5c       0xc8 ./user_c/isr.o
                0x0000000000006f5c                TIM7_IRQHandler
 .text.TIM8_UP_IRQHandler
                0x0000000000007024       0xc0 ./user_c/isr.o
                0x0000000000007024                TIM8_UP_IRQHandler
 .text.TIM9_UP_IRQHandler
                0x00000000000070e4       0xc0 ./user_c/isr.o
                0x00000000000070e4                TIM9_UP_IRQHandler
 .text.TIM10_UP_IRQHandler
                0x00000000000071a4       0xb8 ./user_c/isr.o
                0x00000000000071a4                TIM10_UP_IRQHandler
 .text.NMI_Handler
                0x000000000000725c       0x10 ./user_c/isr.o
                0x000000000000725c                NMI_Handler
 .text.HardFault_Handler
                0x000000000000726c        0x8 ./user_c/isr.o
                0x000000000000726c                HardFault_Handler
 .text.main     0x0000000000007274       0x72 ./user_c/main.o
                0x0000000000007274                main
 .text.vector_handler
                0x00000000000072e6       0xbe ./sdk/Startup/startup_ch32v30x_D8C.o
                0x00000000000072ea                Ecall_M_Mode_Handler
                0x00000000000072ec                Ecall_U_Mode_Handler
                0x00000000000072ee                Break_Point_Handler
                0x00000000000072f0                SysTick_Handler
                0x00000000000072f2                SW_Handler
                0x00000000000072f4                WWDG_IRQHandler
                0x00000000000072f6                PVD_IRQHandler
                0x00000000000072f8                TAMPER_IRQHandler
                0x00000000000072fa                RTC_IRQHandler
                0x00000000000072fc                FLASH_IRQHandler
                0x00000000000072fe                RCC_IRQHandler
                0x000000000000730a                DMA1_Channel1_IRQHandler
                0x000000000000730c                DMA1_Channel2_IRQHandler
                0x000000000000730e                DMA1_Channel3_IRQHandler
                0x0000000000007310                DMA1_Channel4_IRQHandler
                0x0000000000007312                DMA1_Channel5_IRQHandler
                0x0000000000007314                DMA1_Channel6_IRQHandler
                0x0000000000007316                DMA1_Channel7_IRQHandler
                0x0000000000007318                ADC1_2_IRQHandler
                0x000000000000731a                USB_HP_CAN1_TX_IRQHandler
                0x000000000000731c                USB_LP_CAN1_RX0_IRQHandler
                0x000000000000731e                CAN1_RX1_IRQHandler
                0x0000000000007320                CAN1_SCE_IRQHandler
                0x0000000000007324                TIM1_BRK_IRQHandler
                0x0000000000007328                TIM1_TRG_COM_IRQHandler
                0x000000000000732a                TIM1_CC_IRQHandler
                0x0000000000007332                I2C1_EV_IRQHandler
                0x0000000000007334                I2C1_ER_IRQHandler
                0x0000000000007336                I2C2_EV_IRQHandler
                0x0000000000007338                I2C2_ER_IRQHandler
                0x000000000000733a                SPI1_IRQHandler
                0x000000000000733c                SPI2_IRQHandler
                0x0000000000007346                RTCAlarm_IRQHandler
                0x0000000000007348                USBWakeUp_IRQHandler
                0x000000000000734a                TIM8_BRK_IRQHandler
                0x000000000000734e                TIM8_TRG_COM_IRQHandler
                0x0000000000007350                TIM8_CC_IRQHandler
                0x0000000000007352                RNG_IRQHandler
                0x0000000000007354                FSMC_IRQHandler
                0x0000000000007356                SDIO_IRQHandler
                0x000000000000735a                SPI3_IRQHandler
                0x0000000000007364                DMA2_Channel1_IRQHandler
                0x0000000000007366                DMA2_Channel2_IRQHandler
                0x0000000000007368                DMA2_Channel3_IRQHandler
                0x000000000000736a                DMA2_Channel4_IRQHandler
                0x000000000000736c                DMA2_Channel5_IRQHandler
                0x000000000000736e                ETH_IRQHandler
                0x0000000000007370                ETH_WKUP_IRQHandler
                0x0000000000007372                CAN2_TX_IRQHandler
                0x0000000000007374                CAN2_RX0_IRQHandler
                0x0000000000007376                CAN2_RX1_IRQHandler
                0x0000000000007378                CAN2_SCE_IRQHandler
                0x000000000000737c                USBHSWakeup_IRQHandler
                0x000000000000737e                USBHS_IRQHandler
                0x0000000000007388                TIM9_BRK_IRQHandler
                0x000000000000738c                TIM9_TRG_COM_IRQHandler
                0x000000000000738e                TIM9_CC_IRQHandler
                0x0000000000007390                TIM10_BRK_IRQHandler
                0x0000000000007394                TIM10_TRG_COM_IRQHandler
                0x0000000000007396                TIM10_CC_IRQHandler
                0x0000000000007398                DMA2_Channel6_IRQHandler
                0x000000000000739a                DMA2_Channel7_IRQHandler
                0x000000000000739c                DMA2_Channel8_IRQHandler
                0x000000000000739e                DMA2_Channel9_IRQHandler
                0x00000000000073a0                DMA2_Channel10_IRQHandler
                0x00000000000073a2                DMA2_Channel11_IRQHandler
 .text.handle_reset
                0x00000000000073a4       0x8a ./sdk/Startup/startup_ch32v30x_D8C.o
                0x00000000000073a4                handle_reset
 .text.EXTI_GetITStatus
                0x000000000000742e       0x56 ./sdk/Peripheral/ch32v30x_exti.o
                0x000000000000742e                EXTI_GetITStatus
 .text.EXTI_ClearITPendingBit
                0x0000000000007484       0x20 ./sdk/Peripheral/ch32v30x_exti.o
                0x0000000000007484                EXTI_ClearITPendingBit
 .text.GPIO_Init
                0x00000000000074a4      0x22a ./sdk/Peripheral/ch32v30x_gpio.o
                0x00000000000074a4                GPIO_Init
 .text.GPIO_WriteBit
                0x00000000000076ce       0x38 ./sdk/Peripheral/ch32v30x_gpio.o
                0x00000000000076ce                GPIO_WriteBit
 .text.GPIO_PinRemapConfig
                0x0000000000007706      0x1c8 ./sdk/Peripheral/ch32v30x_gpio.o
                0x0000000000007706                GPIO_PinRemapConfig
 .text.RCC_GetClocksFreq
                0x00000000000078ce      0x2c6 ./sdk/Peripheral/ch32v30x_rcc.o
                0x00000000000078ce                RCC_GetClocksFreq
 .text.RCC_AHBPeriphClockCmd
                0x0000000000007b94       0x46 ./sdk/Peripheral/ch32v30x_rcc.o
                0x0000000000007b94                RCC_AHBPeriphClockCmd
 .text.RCC_APB2PeriphClockCmd
                0x0000000000007bda       0x46 ./sdk/Peripheral/ch32v30x_rcc.o
                0x0000000000007bda                RCC_APB2PeriphClockCmd
 .text.RCC_APB1PeriphClockCmd
                0x0000000000007c20       0x46 ./sdk/Peripheral/ch32v30x_rcc.o
                0x0000000000007c20                RCC_APB1PeriphClockCmd
 .text.RCC_APB2PeriphResetCmd
                0x0000000000007c66       0x46 ./sdk/Peripheral/ch32v30x_rcc.o
                0x0000000000007c66                RCC_APB2PeriphResetCmd
 .text.RCC_APB1PeriphResetCmd
                0x0000000000007cac       0x46 ./sdk/Peripheral/ch32v30x_rcc.o
                0x0000000000007cac                RCC_APB1PeriphResetCmd
 .text.SPI_I2S_DeInit
                0x0000000000007cf2       0x76 ./sdk/Peripheral/ch32v30x_spi.o
                0x0000000000007cf2                SPI_I2S_DeInit
 .text.SPI_Init
                0x0000000000007d68       0xf8 ./sdk/Peripheral/ch32v30x_spi.o
                0x0000000000007d68                SPI_Init
 .text.SPI_Cmd  0x0000000000007e60       0x5a ./sdk/Peripheral/ch32v30x_spi.o
                0x0000000000007e60                SPI_Cmd
 .text.TIM_TimeBaseInit
                0x0000000000007eba      0x17e ./sdk/Peripheral/ch32v30x_tim.o
                0x0000000000007eba                TIM_TimeBaseInit
 .text.TIM_OC1Init
                0x0000000000008038      0x19c ./sdk/Peripheral/ch32v30x_tim.o
                0x0000000000008038                TIM_OC1Init
 .text.TIM_OC2Init
                0x00000000000081d4      0x1e2 ./sdk/Peripheral/ch32v30x_tim.o
                0x00000000000081d4                TIM_OC2Init
 .text.TIM_OC3Init
                0x00000000000083b6      0x1dc ./sdk/Peripheral/ch32v30x_tim.o
                0x00000000000083b6                TIM_OC3Init
 .text.TIM_OC4Init
                0x0000000000008592      0x176 ./sdk/Peripheral/ch32v30x_tim.o
                0x0000000000008592                TIM_OC4Init
 .text.TIM_Cmd  0x0000000000008708       0x58 ./sdk/Peripheral/ch32v30x_tim.o
                0x0000000000008708                TIM_Cmd
 .text.TIM_CtrlPWMOutputs
                0x0000000000008760       0x60 ./sdk/Peripheral/ch32v30x_tim.o
                0x0000000000008760                TIM_CtrlPWMOutputs
 .text.TIM_ITConfig
                0x00000000000087c0       0x70 ./sdk/Peripheral/ch32v30x_tim.o
                0x00000000000087c0                TIM_ITConfig
 .text.TIM_OC1PreloadConfig
                0x0000000000008830       0x4c ./sdk/Peripheral/ch32v30x_tim.o
                0x0000000000008830                TIM_OC1PreloadConfig
 .text.TIM_OC2PreloadConfig
                0x000000000000887c       0x5a ./sdk/Peripheral/ch32v30x_tim.o
                0x000000000000887c                TIM_OC2PreloadConfig
 .text.TIM_OC3PreloadConfig
                0x00000000000088d6       0x4c ./sdk/Peripheral/ch32v30x_tim.o
                0x00000000000088d6                TIM_OC3PreloadConfig
 .text.TIM_OC4PreloadConfig
                0x0000000000008922       0x5a ./sdk/Peripheral/ch32v30x_tim.o
                0x0000000000008922                TIM_OC4PreloadConfig
 .text.TIM_OC1FastConfig
                0x000000000000897c       0x4c ./sdk/Peripheral/ch32v30x_tim.o
                0x000000000000897c                TIM_OC1FastConfig
 .text.TIM_OC2FastConfig
                0x00000000000089c8       0x56 ./sdk/Peripheral/ch32v30x_tim.o
                0x00000000000089c8                TIM_OC2FastConfig
 .text.TIM_OC3FastConfig
                0x0000000000008a1e       0x4c ./sdk/Peripheral/ch32v30x_tim.o
                0x0000000000008a1e                TIM_OC3FastConfig
 .text.TIM_OC4FastConfig
                0x0000000000008a6a       0x56 ./sdk/Peripheral/ch32v30x_tim.o
                0x0000000000008a6a                TIM_OC4FastConfig
 .text.TIM_GetITStatus
                0x0000000000008ac0       0x70 ./sdk/Peripheral/ch32v30x_tim.o
                0x0000000000008ac0                TIM_GetITStatus
 .text.TIM_ClearITPendingBit
                0x0000000000008b30       0x2e ./sdk/Peripheral/ch32v30x_tim.o
                0x0000000000008b30                TIM_ClearITPendingBit
 .text.USART_Init
                0x0000000000008b5e      0x234 ./sdk/Peripheral/ch32v30x_usart.o
                0x0000000000008b5e                USART_Init
 .text.USART_Cmd
                0x0000000000008d92       0x60 ./sdk/Peripheral/ch32v30x_usart.o
                0x0000000000008d92                USART_Cmd
 .text.USART_ITConfig
                0x0000000000008df2       0xc4 ./sdk/Peripheral/ch32v30x_usart.o
                0x0000000000008df2                USART_ITConfig
 .text.USART_SendData
                0x0000000000008eb6       0x2e ./sdk/Peripheral/ch32v30x_usart.o
                0x0000000000008eb6                USART_SendData
 .text.USART_GetFlagStatus
                0x0000000000008ee4       0x46 ./sdk/Peripheral/ch32v30x_usart.o
                0x0000000000008ee4                USART_GetFlagStatus
 .text.USART_GetITStatus
                0x0000000000008f2a      0x102 ./sdk/Peripheral/ch32v30x_usart.o
                0x0000000000008f2a                USART_GetITStatus
 .text.USART_ClearITPendingBit
                0x000000000000902c       0x4e ./sdk/Peripheral/ch32v30x_usart.o
                0x000000000000902c                USART_ClearITPendingBit
 .text.DevEP1_IN_Deal
                0x000000000000907a       0x3e ./sdk/Peripheral/ch32v30x_usbotg_device.o
                0x000000000000907a                DevEP1_IN_Deal
 .text.DevEP2_IN_Deal
                0x00000000000090b8       0x3e ./sdk/Peripheral/ch32v30x_usbotg_device.o
                0x00000000000090b8                DevEP2_IN_Deal
 .text.DevEP1_OUT_Deal
                0x00000000000090f6       0x66 ./sdk/Peripheral/ch32v30x_usbotg_device.o
                0x00000000000090f6                DevEP1_OUT_Deal
 .text.DevEP2_OUT_Deal
                0x000000000000915c       0x66 ./sdk/Peripheral/ch32v30x_usbotg_device.o
                0x000000000000915c                DevEP2_OUT_Deal
 .text.OTG_FS_IRQHandler
                0x00000000000091c2      0xd16 ./sdk/Peripheral/ch32v30x_usbotg_device.o
                0x00000000000091c2                OTG_FS_IRQHandler
 .text.PID_Init
                0x0000000000009ed8       0x88 ./code/Encoder.o
                0x0000000000009ed8                PID_Init
 .text.pit_hanlder
                0x0000000000009f60      0x16e ./code/Encoder.o
                0x0000000000009f60                pit_hanlder
 .text.steer_control
                0x000000000000a0ce       0x4e ./code/Encoder.o
                0x000000000000a0ce                steer_control
 .text.key_read
                0x000000000000a11c      0x18e ./code/Menu.o
                0x000000000000a11c                key_read
 .text.TFT_Init
                0x000000000000a2aa       0x2e ./code/Menu.o
                0x000000000000a2aa                TFT_Init
 .text.menu_action
                0x000000000000a2d8      0x18a ./code/Menu.o
                0x000000000000a2d8                menu_action
 .text.judge_menu
                0x000000000000a462       0x60 ./code/Menu.o
                0x000000000000a462                judge_menu
 .text.show_sub_menu
                0x000000000000a4c2       0xea ./code/Menu.o
                0x000000000000a4c2                show_sub_menu
 .text.Menu_Switch
                0x000000000000a5ac       0xe8 ./code/Menu.o
                0x000000000000a5ac                Menu_Switch
 .text.VofaInteract
                0x000000000000a694       0x70 ./code/VO.o
                0x000000000000a694                VofaInteract
 .text.VofaReceive
                0x000000000000a704       0x94 ./code/VO.o
                0x000000000000a704                VofaReceive
 .text.VofaTransmit
                0x000000000000a798       0x22 ./code/VO.o
                0x000000000000a798                VofaTransmit
 .text.HexToFloat
                0x000000000000a7ba       0x68 ./code/VO.o
                0x000000000000a7ba                HexToFloat
 .text.steer_pid
                0x000000000000a822       0xd0 ./code/pid.o
                0x000000000000a822                steer_pid
 .text.motorL_pid
                0x000000000000a8f2       0xae ./code/pid.o
                0x000000000000a8f2                motorL_pid
 .text.motorR_pid
                0x000000000000a9a0       0xae ./code/pid.o
                0x000000000000a9a0                motorR_pid
 .text.set_whole_speed
                0x000000000000aa4e       0x64 ./code/pid.o
                0x000000000000aa4e                set_whole_speed
 .text.set_left_speed
                0x000000000000aab2       0x3e ./code/pid.o
                0x000000000000aab2                set_left_speed
 .text.set_right_speed
                0x000000000000aaf0       0x3e ./code/pid.o
                0x000000000000aaf0                set_right_speed
 .text.mt9v03x_write_word_sccb
                0x000000000000ab2e       0x34 E:\Seekfree_CH32V307VCT6_Opensource_Library\libraries\zf_device\libzf_device_config.a(zf_device_config.o)
 .text.mt9v03x_set_config_sccb
                0x000000000000ab62      0x602 E:\Seekfree_CH32V307VCT6_Opensource_Library\libraries\zf_device\libzf_device_config.a(zf_device_config.o)
                0x000000000000ab62                mt9v03x_set_config_sccb
 .text.__adddf3
                0x000000000000b164      0xa0e e:/mounriver/mounriver_studio/toolchain/risc-v embedded gcc/bin/../lib/gcc/riscv-none-embed/8.2.0/rv32imafc/ilp32f\libgcc.a(adddf3.o)
                0x000000000000b164                __adddf3
 .text.__divdf3
                0x000000000000bb72      0x7ea e:/mounriver/mounriver_studio/toolchain/risc-v embedded gcc/bin/../lib/gcc/riscv-none-embed/8.2.0/rv32imafc/ilp32f\libgcc.a(divdf3.o)
                0x000000000000bb72                __divdf3
 .text.__eqdf2  0x000000000000c35c       0x98 e:/mounriver/mounriver_studio/toolchain/risc-v embedded gcc/bin/../lib/gcc/riscv-none-embed/8.2.0/rv32imafc/ilp32f\libgcc.a(eqdf2.o)
                0x000000000000c35c                __nedf2
                0x000000000000c35c                __eqdf2
 .text.__gedf2  0x000000000000c3f4       0xb6 e:/mounriver/mounriver_studio/toolchain/risc-v embedded gcc/bin/../lib/gcc/riscv-none-embed/8.2.0/rv32imafc/ilp32f\libgcc.a(gedf2.o)
                0x000000000000c3f4                __gedf2
                0x000000000000c3f4                __gtdf2
 .text.__ledf2  0x000000000000c4aa       0xb6 e:/mounriver/mounriver_studio/toolchain/risc-v embedded gcc/bin/../lib/gcc/riscv-none-embed/8.2.0/rv32imafc/ilp32f\libgcc.a(ledf2.o)
                0x000000000000c4aa                __ledf2
                0x000000000000c4aa                __ltdf2
 .text.__muldf3
                0x000000000000c560      0x656 e:/mounriver/mounriver_studio/toolchain/risc-v embedded gcc/bin/../lib/gcc/riscv-none-embed/8.2.0/rv32imafc/ilp32f\libgcc.a(muldf3.o)
                0x000000000000c560                __muldf3
 .text.__subdf3
                0x000000000000cbb6      0xa8c e:/mounriver/mounriver_studio/toolchain/risc-v embedded gcc/bin/../lib/gcc/riscv-none-embed/8.2.0/rv32imafc/ilp32f\libgcc.a(subdf3.o)
                0x000000000000cbb6                __subdf3
 .text.__unorddf2
                0x000000000000d642       0x7c e:/mounriver/mounriver_studio/toolchain/risc-v embedded gcc/bin/../lib/gcc/riscv-none-embed/8.2.0/rv32imafc/ilp32f\libgcc.a(unorddf2.o)
                0x000000000000d642                __unorddf2
 .text.__fixdfsi
                0x000000000000d6be       0xd8 e:/mounriver/mounriver_studio/toolchain/risc-v embedded gcc/bin/../lib/gcc/riscv-none-embed/8.2.0/rv32imafc/ilp32f\libgcc.a(fixdfsi.o)
                0x000000000000d6be                __fixdfsi
 .text.__fixunsdfsi
                0x000000000000d796       0x9e e:/mounriver/mounriver_studio/toolchain/risc-v embedded gcc/bin/../lib/gcc/riscv-none-embed/8.2.0/rv32imafc/ilp32f\libgcc.a(fixunsdfsi.o)
                0x000000000000d796                __fixunsdfsi
 .text.__floatsidf
                0x000000000000d834       0x70 e:/mounriver/mounriver_studio/toolchain/risc-v embedded gcc/bin/../lib/gcc/riscv-none-embed/8.2.0/rv32imafc/ilp32f\libgcc.a(floatsidf.o)
                0x000000000000d834                __floatsidf
 .text.__floatunsidf
                0x000000000000d8a4       0x66 e:/mounriver/mounriver_studio/toolchain/risc-v embedded gcc/bin/../lib/gcc/riscv-none-embed/8.2.0/rv32imafc/ilp32f\libgcc.a(floatunsidf.o)
                0x000000000000d8a4                __floatunsidf
 .text.__extendsfdf2
                0x000000000000d90a       0xe8 e:/mounriver/mounriver_studio/toolchain/risc-v embedded gcc/bin/../lib/gcc/riscv-none-embed/8.2.0/rv32imafc/ilp32f\libgcc.a(extendsfdf2.o)
                0x000000000000d90a                __extendsfdf2
 .text.__clzsi2
                0x000000000000d9f2       0x76 e:/mounriver/mounriver_studio/toolchain/risc-v embedded gcc/bin/../lib/gcc/riscv-none-embed/8.2.0/rv32imafc/ilp32f\libgcc.a(_clzsi2.o)
                0x000000000000d9f2                __clzsi2
 .text.memcpy   0x000000000000da68       0xb6 e:/mounriver/mounriver_studio/toolchain/risc-v embedded gcc/bin/../lib/gcc/riscv-none-embed/8.2.0/../../../../riscv-none-embed/lib/rv32imafc/ilp32f\libg_nano.a(lib_a-memcpy.o)
                0x000000000000da68                memcpy
 .text.__cvt    0x000000000000db1e       0xee e:/mounriver/mounriver_studio/toolchain/risc-v embedded gcc/bin/../lib/gcc/riscv-none-embed/8.2.0/../../../../riscv-none-embed/lib/rv32imafc/ilp32f\libg_nano.a(lib_a-nano-vfprintf_float.o)
                0x000000000000db1e                __cvt
 .text.__exponent
                0x000000000000dc0c       0x8c e:/mounriver/mounriver_studio/toolchain/risc-v embedded gcc/bin/../lib/gcc/riscv-none-embed/8.2.0/../../../../riscv-none-embed/lib/rv32imafc/ilp32f\libg_nano.a(lib_a-nano-vfprintf_float.o)
                0x000000000000dc0c                __exponent
 .text._printf_float
                0x000000000000dc98      0x4c4 e:/mounriver/mounriver_studio/toolchain/risc-v embedded gcc/bin/../lib/gcc/riscv-none-embed/8.2.0/../../../../riscv-none-embed/lib/rv32imafc/ilp32f\libg_nano.a(lib_a-nano-vfprintf_float.o)
                0x000000000000dc98                _printf_float
 .text._printf_common
                0x000000000000e15c      0x10c e:/mounriver/mounriver_studio/toolchain/risc-v embedded gcc/bin/../lib/gcc/riscv-none-embed/8.2.0/../../../../riscv-none-embed/lib/rv32imafc/ilp32f\libg_nano.a(lib_a-nano-vfprintf_i.o)
                0x000000000000e15c                _printf_common
 .text._printf_i
                0x000000000000e268      0x2ac e:/mounriver/mounriver_studio/toolchain/risc-v embedded gcc/bin/../lib/gcc/riscv-none-embed/8.2.0/../../../../riscv-none-embed/lib/rv32imafc/ilp32f\libg_nano.a(lib_a-nano-vfprintf_i.o)
                0x000000000000e268                _printf_i
 .text.printf   0x000000000000e514       0x42 e:/mounriver/mounriver_studio/toolchain/risc-v embedded gcc/bin/../lib/gcc/riscv-none-embed/8.2.0/../../../../riscv-none-embed/lib/rv32imafc/ilp32f\libg_nano.a(lib_a-printf.o)
                0x000000000000e514                iprintf
                0x000000000000e514                printf
 .text.putchar  0x000000000000e556       0x2c e:/mounriver/mounriver_studio/toolchain/risc-v embedded gcc/bin/../lib/gcc/riscv-none-embed/8.2.0/../../../../riscv-none-embed/lib/rv32imafc/ilp32f\libg_nano.a(lib_a-putchar.o)
                0x000000000000e556                putchar
 .text.sprintf  0x000000000000e582       0x46 e:/mounriver/mounriver_studio/toolchain/risc-v embedded gcc/bin/../lib/gcc/riscv-none-embed/8.2.0/../../../../riscv-none-embed/lib/rv32imafc/ilp32f\libg_nano.a(lib_a-sprintf.o)
                0x000000000000e582                siprintf
                0x000000000000e582                sprintf
 .text.strlen   0x000000000000e5c8       0x12 e:/mounriver/mounriver_studio/toolchain/risc-v embedded gcc/bin/../lib/gcc/riscv-none-embed/8.2.0/../../../../riscv-none-embed/lib/rv32imafc/ilp32f\libg_nano.a(lib_a-strlen.o)
                0x000000000000e5c8                strlen
 .text.strncmp  0x000000000000e5da       0x2c e:/mounriver/mounriver_studio/toolchain/risc-v embedded gcc/bin/../lib/gcc/riscv-none-embed/8.2.0/../../../../riscv-none-embed/lib/rv32imafc/ilp32f\libg_nano.a(lib_a-strncmp.o)
                0x000000000000e5da                strncmp
 .text.quorem   0x000000000000e606      0x13a e:/mounriver/mounriver_studio/toolchain/risc-v embedded gcc/bin/../lib/gcc/riscv-none-embed/8.2.0/../../../../riscv-none-embed/lib/rv32imafc/ilp32f\libg_nano.a(lib_a-dtoa.o)
 .text._dtoa_r  0x000000000000e740      0xbea e:/mounriver/mounriver_studio/toolchain/risc-v embedded gcc/bin/../lib/gcc/riscv-none-embed/8.2.0/../../../../riscv-none-embed/lib/rv32imafc/ilp32f\libg_nano.a(lib_a-dtoa.o)
                0x000000000000e740                _dtoa_r
 .text.std      0x000000000000f32a       0x6a e:/mounriver/mounriver_studio/toolchain/risc-v embedded gcc/bin/../lib/gcc/riscv-none-embed/8.2.0/../../../../riscv-none-embed/lib/rv32imafc/ilp32f\libg_nano.a(lib_a-findfp.o)
 .text._cleanup_r
                0x000000000000f394        0xa e:/mounriver/mounriver_studio/toolchain/risc-v embedded gcc/bin/../lib/gcc/riscv-none-embed/8.2.0/../../../../riscv-none-embed/lib/rv32imafc/ilp32f\libg_nano.a(lib_a-findfp.o)
                0x000000000000f394                _cleanup_r
 .text.__sfmoreglue
                0x000000000000f39e       0x48 e:/mounriver/mounriver_studio/toolchain/risc-v embedded gcc/bin/../lib/gcc/riscv-none-embed/8.2.0/../../../../riscv-none-embed/lib/rv32imafc/ilp32f\libg_nano.a(lib_a-findfp.o)
                0x000000000000f39e                __sfmoreglue
 .text.__sinit  0x000000000000f3e6       0x6c e:/mounriver/mounriver_studio/toolchain/risc-v embedded gcc/bin/../lib/gcc/riscv-none-embed/8.2.0/../../../../riscv-none-embed/lib/rv32imafc/ilp32f\libg_nano.a(lib_a-findfp.o)
                0x000000000000f3e6                __sinit
 .text.__sfp    0x000000000000f452       0xa0 e:/mounriver/mounriver_studio/toolchain/risc-v embedded gcc/bin/../lib/gcc/riscv-none-embed/8.2.0/../../../../riscv-none-embed/lib/rv32imafc/ilp32f\libg_nano.a(lib_a-findfp.o)
                0x000000000000f452                __sfp
 .text._fwalk_reent
                0x000000000000f4f2       0x6c e:/mounriver/mounriver_studio/toolchain/risc-v embedded gcc/bin/../lib/gcc/riscv-none-embed/8.2.0/../../../../riscv-none-embed/lib/rv32imafc/ilp32f\libg_nano.a(lib_a-fwalk.o)
                0x000000000000f4f2                _fwalk_reent
 .text._localeconv_r
                0x000000000000f55e       0x18 e:/mounriver/mounriver_studio/toolchain/risc-v embedded gcc/bin/../lib/gcc/riscv-none-embed/8.2.0/../../../../riscv-none-embed/lib/rv32imafc/ilp32f\libg_nano.a(lib_a-localeconv.o)
                0x000000000000f55e                _localeconv_r
 .text.malloc   0x000000000000f576        0xc e:/mounriver/mounriver_studio/toolchain/risc-v embedded gcc/bin/../lib/gcc/riscv-none-embed/8.2.0/../../../../riscv-none-embed/lib/rv32imafc/ilp32f\libg_nano.a(lib_a-malloc.o)
                0x000000000000f576                malloc
 .text.memchr   0x000000000000f582       0x1a e:/mounriver/mounriver_studio/toolchain/risc-v embedded gcc/bin/../lib/gcc/riscv-none-embed/8.2.0/../../../../riscv-none-embed/lib/rv32imafc/ilp32f\libg_nano.a(lib_a-memchr.o)
                0x000000000000f582                memchr
 .text._Balloc  0x000000000000f59c       0x88 e:/mounriver/mounriver_studio/toolchain/risc-v embedded gcc/bin/../lib/gcc/riscv-none-embed/8.2.0/../../../../riscv-none-embed/lib/rv32imafc/ilp32f\libg_nano.a(lib_a-mprec.o)
                0x000000000000f59c                _Balloc
 .text._Bfree   0x000000000000f624       0x44 e:/mounriver/mounriver_studio/toolchain/risc-v embedded gcc/bin/../lib/gcc/riscv-none-embed/8.2.0/../../../../riscv-none-embed/lib/rv32imafc/ilp32f\libg_nano.a(lib_a-mprec.o)
                0x000000000000f624                _Bfree
 .text.__multadd
                0x000000000000f668       0x98 e:/mounriver/mounriver_studio/toolchain/risc-v embedded gcc/bin/../lib/gcc/riscv-none-embed/8.2.0/../../../../riscv-none-embed/lib/rv32imafc/ilp32f\libg_nano.a(lib_a-mprec.o)
                0x000000000000f668                __multadd
 .text.__hi0bits
                0x000000000000f700       0x46 e:/mounriver/mounriver_studio/toolchain/risc-v embedded gcc/bin/../lib/gcc/riscv-none-embed/8.2.0/../../../../riscv-none-embed/lib/rv32imafc/ilp32f\libg_nano.a(lib_a-mprec.o)
                0x000000000000f700                __hi0bits
 .text.__lo0bits
                0x000000000000f746       0x6a e:/mounriver/mounriver_studio/toolchain/risc-v embedded gcc/bin/../lib/gcc/riscv-none-embed/8.2.0/../../../../riscv-none-embed/lib/rv32imafc/ilp32f\libg_nano.a(lib_a-mprec.o)
                0x000000000000f746                __lo0bits
 .text.__i2b    0x000000000000f7b0       0x1c e:/mounriver/mounriver_studio/toolchain/risc-v embedded gcc/bin/../lib/gcc/riscv-none-embed/8.2.0/../../../../riscv-none-embed/lib/rv32imafc/ilp32f\libg_nano.a(lib_a-mprec.o)
                0x000000000000f7b0                __i2b
 .text.__multiply
                0x000000000000f7cc      0x144 e:/mounriver/mounriver_studio/toolchain/risc-v embedded gcc/bin/../lib/gcc/riscv-none-embed/8.2.0/../../../../riscv-none-embed/lib/rv32imafc/ilp32f\libg_nano.a(lib_a-mprec.o)
                0x000000000000f7cc                __multiply
 .text.__pow5mult
                0x000000000000f910       0xbe e:/mounriver/mounriver_studio/toolchain/risc-v embedded gcc/bin/../lib/gcc/riscv-none-embed/8.2.0/../../../../riscv-none-embed/lib/rv32imafc/ilp32f\libg_nano.a(lib_a-mprec.o)
                0x000000000000f910                __pow5mult
 .text.__lshift
                0x000000000000f9ce       0xce e:/mounriver/mounriver_studio/toolchain/risc-v embedded gcc/bin/../lib/gcc/riscv-none-embed/8.2.0/../../../../riscv-none-embed/lib/rv32imafc/ilp32f\libg_nano.a(lib_a-mprec.o)
                0x000000000000f9ce                __lshift
 .text.__mcmp   0x000000000000fa9c       0x32 e:/mounriver/mounriver_studio/toolchain/risc-v embedded gcc/bin/../lib/gcc/riscv-none-embed/8.2.0/../../../../riscv-none-embed/lib/rv32imafc/ilp32f\libg_nano.a(lib_a-mprec.o)
                0x000000000000fa9c                __mcmp
 .text.__mdiff  0x000000000000face       0xf2 e:/mounriver/mounriver_studio/toolchain/risc-v embedded gcc/bin/../lib/gcc/riscv-none-embed/8.2.0/../../../../riscv-none-embed/lib/rv32imafc/ilp32f\libg_nano.a(lib_a-mprec.o)
                0x000000000000face                __mdiff
 .text.__d2b    0x000000000000fbc0       0xd4 e:/mounriver/mounriver_studio/toolchain/risc-v embedded gcc/bin/../lib/gcc/riscv-none-embed/8.2.0/../../../../riscv-none-embed/lib/rv32imafc/ilp32f\libg_nano.a(lib_a-mprec.o)
                0x000000000000fbc0                __d2b
 .text._calloc_r
                0x000000000000fc94       0x26 e:/mounriver/mounriver_studio/toolchain/risc-v embedded gcc/bin/../lib/gcc/riscv-none-embed/8.2.0/../../../../riscv-none-embed/lib/rv32imafc/ilp32f\libg_nano.a(lib_a-nano-callocr.o)
                0x000000000000fc94                _calloc_r
 .text._free_r  0x000000000000fcba       0xa8 e:/mounriver/mounriver_studio/toolchain/risc-v embedded gcc/bin/../lib/gcc/riscv-none-embed/8.2.0/../../../../riscv-none-embed/lib/rv32imafc/ilp32f\libg_nano.a(lib_a-nano-freer.o)
                0x000000000000fcba                _free_r
 .text._malloc_r
                0x000000000000fd62       0xd8 e:/mounriver/mounriver_studio/toolchain/risc-v embedded gcc/bin/../lib/gcc/riscv-none-embed/8.2.0/../../../../riscv-none-embed/lib/rv32imafc/ilp32f\libg_nano.a(lib_a-nano-mallocr.o)
                0x000000000000fd62                _malloc_r
 .text.__ssputs_r
                0x000000000000fe3a       0xee e:/mounriver/mounriver_studio/toolchain/risc-v embedded gcc/bin/../lib/gcc/riscv-none-embed/8.2.0/../../../../riscv-none-embed/lib/rv32imafc/ilp32f\libg_nano.a(lib_a-nano-svfprintf.o)
                0x000000000000fe3a                __ssputs_r
 .text._svfprintf_r
                0x000000000000ff28      0x27e e:/mounriver/mounriver_studio/toolchain/risc-v embedded gcc/bin/../lib/gcc/riscv-none-embed/8.2.0/../../../../riscv-none-embed/lib/rv32imafc/ilp32f\libg_nano.a(lib_a-nano-svfprintf.o)
                0x000000000000ff28                _svfiprintf_r
                0x000000000000ff28                _svfprintf_r
 .text.__sfputc_r
                0x00000000000101a6       0x28 e:/mounriver/mounriver_studio/toolchain/risc-v embedded gcc/bin/../lib/gcc/riscv-none-embed/8.2.0/../../../../riscv-none-embed/lib/rv32imafc/ilp32f\libg_nano.a(lib_a-nano-vfprintf.o)
 .text.__sfputs_r
                0x00000000000101ce       0x44 e:/mounriver/mounriver_studio/toolchain/risc-v embedded gcc/bin/../lib/gcc/riscv-none-embed/8.2.0/../../../../riscv-none-embed/lib/rv32imafc/ilp32f\libg_nano.a(lib_a-nano-vfprintf.o)
                0x00000000000101ce                __sfputs_r
 .text._vfprintf_r
                0x0000000000010212      0x29e e:/mounriver/mounriver_studio/toolchain/risc-v embedded gcc/bin/../lib/gcc/riscv-none-embed/8.2.0/../../../../riscv-none-embed/lib/rv32imafc/ilp32f\libg_nano.a(lib_a-nano-vfprintf.o)
                0x0000000000010212                _vfprintf_r
                0x0000000000010212                _vfiprintf_r
 .text._putc_r  0x00000000000104b0       0x84 e:/mounriver/mounriver_studio/toolchain/risc-v embedded gcc/bin/../lib/gcc/riscv-none-embed/8.2.0/../../../../riscv-none-embed/lib/rv32imafc/ilp32f\libg_nano.a(lib_a-putc.o)
                0x00000000000104b0                _putc_r
 .text._sbrk_r  0x0000000000010534       0x32 e:/mounriver/mounriver_studio/toolchain/risc-v embedded gcc/bin/../lib/gcc/riscv-none-embed/8.2.0/../../../../riscv-none-embed/lib/rv32imafc/ilp32f\libg_nano.a(lib_a-sbrkr.o)
                0x0000000000010534                _sbrk_r
 .text.__sread  0x0000000000010566       0x30 e:/mounriver/mounriver_studio/toolchain/risc-v embedded gcc/bin/../lib/gcc/riscv-none-embed/8.2.0/../../../../riscv-none-embed/lib/rv32imafc/ilp32f\libg_nano.a(lib_a-stdio.o)
                0x0000000000010566                __sread
 .text.__swrite
                0x0000000000010596       0x4e e:/mounriver/mounriver_studio/toolchain/risc-v embedded gcc/bin/../lib/gcc/riscv-none-embed/8.2.0/../../../../riscv-none-embed/lib/rv32imafc/ilp32f\libg_nano.a(lib_a-stdio.o)
                0x0000000000010596                __swrite
 .text.__sseek  0x00000000000105e4       0x36 e:/mounriver/mounriver_studio/toolchain/risc-v embedded gcc/bin/../lib/gcc/riscv-none-embed/8.2.0/../../../../riscv-none-embed/lib/rv32imafc/ilp32f\libg_nano.a(lib_a-stdio.o)
                0x00000000000105e4                __sseek
 .text.__sclose
                0x000000000001061a        0x6 e:/mounriver/mounriver_studio/toolchain/risc-v embedded gcc/bin/../lib/gcc/riscv-none-embed/8.2.0/../../../../riscv-none-embed/lib/rv32imafc/ilp32f\libg_nano.a(lib_a-stdio.o)
                0x000000000001061a                __sclose
 .text.__swbuf_r
                0x0000000000010620       0xc2 e:/mounriver/mounriver_studio/toolchain/risc-v embedded gcc/bin/../lib/gcc/riscv-none-embed/8.2.0/../../../../riscv-none-embed/lib/rv32imafc/ilp32f\libg_nano.a(lib_a-wbuf.o)
                0x0000000000010620                __swbuf_r
 .text._write_r
                0x00000000000106e2       0x36 e:/mounriver/mounriver_studio/toolchain/risc-v embedded gcc/bin/../lib/gcc/riscv-none-embed/8.2.0/../../../../riscv-none-embed/lib/rv32imafc/ilp32f\libg_nano.a(lib_a-writer.o)
                0x00000000000106e2                _write_r
 .text.__swsetup_r
                0x0000000000010718      0x110 e:/mounriver/mounriver_studio/toolchain/risc-v embedded gcc/bin/../lib/gcc/riscv-none-embed/8.2.0/../../../../riscv-none-embed/lib/rv32imafc/ilp32f\libg_nano.a(lib_a-wsetup.o)
                0x0000000000010718                __swsetup_r
 .text._close_r
                0x0000000000010828       0x32 e:/mounriver/mounriver_studio/toolchain/risc-v embedded gcc/bin/../lib/gcc/riscv-none-embed/8.2.0/../../../../riscv-none-embed/lib/rv32imafc/ilp32f\libg_nano.a(lib_a-closer.o)
                0x0000000000010828                _close_r
 .text.__sflush_r
                0x000000000001085a      0x13e e:/mounriver/mounriver_studio/toolchain/risc-v embedded gcc/bin/../lib/gcc/riscv-none-embed/8.2.0/../../../../riscv-none-embed/lib/rv32imafc/ilp32f\libg_nano.a(lib_a-fflush.o)
                0x000000000001085a                __sflush_r
 .text._fflush_r
                0x0000000000010998       0x68 e:/mounriver/mounriver_studio/toolchain/risc-v embedded gcc/bin/../lib/gcc/riscv-none-embed/8.2.0/../../../../riscv-none-embed/lib/rv32imafc/ilp32f\libg_nano.a(lib_a-fflush.o)
                0x0000000000010998                _fflush_r
 .text._lseek_r
                0x0000000000010a00       0x34 e:/mounriver/mounriver_studio/toolchain/risc-v embedded gcc/bin/../lib/gcc/riscv-none-embed/8.2.0/../../../../riscv-none-embed/lib/rv32imafc/ilp32f\libg_nano.a(lib_a-lseekr.o)
                0x0000000000010a00                _lseek_r
 .text.__swhatbuf_r
                0x0000000000010a34       0x58 e:/mounriver/mounriver_studio/toolchain/risc-v embedded gcc/bin/../lib/gcc/riscv-none-embed/8.2.0/../../../../riscv-none-embed/lib/rv32imafc/ilp32f\libg_nano.a(lib_a-makebuf.o)
                0x0000000000010a34                __swhatbuf_r
 .text.__smakebuf_r
                0x0000000000010a8c       0xa0 e:/mounriver/mounriver_studio/toolchain/risc-v embedded gcc/bin/../lib/gcc/riscv-none-embed/8.2.0/../../../../riscv-none-embed/lib/rv32imafc/ilp32f\libg_nano.a(lib_a-makebuf.o)
                0x0000000000010a8c                __smakebuf_r
 .text.__ascii_mbtowc
                0x0000000000010b2c       0x3a e:/mounriver/mounriver_studio/toolchain/risc-v embedded gcc/bin/../lib/gcc/riscv-none-embed/8.2.0/../../../../riscv-none-embed/lib/rv32imafc/ilp32f\libg_nano.a(lib_a-mbtowc_r.o)
                0x0000000000010b2c                __ascii_mbtowc
 .text.memmove  0x0000000000010b66       0x4a e:/mounriver/mounriver_studio/toolchain/risc-v embedded gcc/bin/../lib/gcc/riscv-none-embed/8.2.0/../../../../riscv-none-embed/lib/rv32imafc/ilp32f\libg_nano.a(lib_a-memmove.o)
                0x0000000000010b66                memmove
 .text.__malloc_lock
                0x0000000000010bb0        0x2 e:/mounriver/mounriver_studio/toolchain/risc-v embedded gcc/bin/../lib/gcc/riscv-none-embed/8.2.0/../../../../riscv-none-embed/lib/rv32imafc/ilp32f\libg_nano.a(lib_a-mlock.o)
                0x0000000000010bb0                __malloc_lock
 .text.__malloc_unlock
                0x0000000000010bb2        0x2 e:/mounriver/mounriver_studio/toolchain/risc-v embedded gcc/bin/../lib/gcc/riscv-none-embed/8.2.0/../../../../riscv-none-embed/lib/rv32imafc/ilp32f\libg_nano.a(lib_a-mlock.o)
                0x0000000000010bb2                __malloc_unlock
 .text._realloc_r
                0x0000000000010bb4       0x58 e:/mounriver/mounriver_studio/toolchain/risc-v embedded gcc/bin/../lib/gcc/riscv-none-embed/8.2.0/../../../../riscv-none-embed/lib/rv32imafc/ilp32f\libg_nano.a(lib_a-nano-reallocr.o)
                0x0000000000010bb4                _realloc_r
 .text._read_r  0x0000000000010c0c       0x34 e:/mounriver/mounriver_studio/toolchain/risc-v embedded gcc/bin/../lib/gcc/riscv-none-embed/8.2.0/../../../../riscv-none-embed/lib/rv32imafc/ilp32f\libg_nano.a(lib_a-readr.o)
                0x0000000000010c0c                _read_r
 .text.__ascii_wctomb
                0x0000000000010c40       0x20 e:/mounriver/mounriver_studio/toolchain/risc-v embedded gcc/bin/../lib/gcc/riscv-none-embed/8.2.0/../../../../riscv-none-embed/lib/rv32imafc/ilp32f\libg_nano.a(lib_a-wctomb_r.o)
                0x0000000000010c40                __ascii_wctomb
 .text._fstat_r
                0x0000000000010c60       0x32 e:/mounriver/mounriver_studio/toolchain/risc-v embedded gcc/bin/../lib/gcc/riscv-none-embed/8.2.0/../../../../riscv-none-embed/lib/rv32imafc/ilp32f\libg_nano.a(lib_a-fstatr.o)
                0x0000000000010c60                _fstat_r
 .text._isatty_r
                0x0000000000010c92       0x30 e:/mounriver/mounriver_studio/toolchain/risc-v embedded gcc/bin/../lib/gcc/riscv-none-embed/8.2.0/../../../../riscv-none-embed/lib/rv32imafc/ilp32f\libg_nano.a(lib_a-isattyr.o)
                0x0000000000010c92                _isatty_r
 .text._malloc_usable_size_r
                0x0000000000010cc2       0x14 e:/mounriver/mounriver_studio/toolchain/risc-v embedded gcc/bin/../lib/gcc/riscv-none-embed/8.2.0/../../../../riscv-none-embed/lib/rv32imafc/ilp32f\libg_nano.a(lib_a-nano-msizer.o)
                0x0000000000010cc2                _malloc_usable_size_r
 .text.__trunctfdf2
                0x0000000000010cd6      0x3d0 e:/mounriver/mounriver_studio/toolchain/risc-v embedded gcc/bin/../lib/gcc/riscv-none-embed/8.2.0/rv32imafc/ilp32f\libgcc.a(trunctfdf2.o)
                0x0000000000010cd6                __trunctfdf2
 .text._close   0x00000000000110a6       0x10 e:/mounriver/mounriver_studio/toolchain/risc-v embedded gcc/bin/../lib/gcc/riscv-none-embed/8.2.0/../../../../riscv-none-embed/lib/rv32imafc/ilp32f\libnosys.a(close.o)
                0x00000000000110a6                _close
 .text._fstat   0x00000000000110b6       0x10 e:/mounriver/mounriver_studio/toolchain/risc-v embedded gcc/bin/../lib/gcc/riscv-none-embed/8.2.0/../../../../riscv-none-embed/lib/rv32imafc/ilp32f\libnosys.a(fstat.o)
                0x00000000000110b6                _fstat
 .text._isatty  0x00000000000110c6       0x10 e:/mounriver/mounriver_studio/toolchain/risc-v embedded gcc/bin/../lib/gcc/riscv-none-embed/8.2.0/../../../../riscv-none-embed/lib/rv32imafc/ilp32f\libnosys.a(isatty.o)
                0x00000000000110c6                _isatty
 .text._lseek   0x00000000000110d6       0x10 e:/mounriver/mounriver_studio/toolchain/risc-v embedded gcc/bin/../lib/gcc/riscv-none-embed/8.2.0/../../../../riscv-none-embed/lib/rv32imafc/ilp32f\libnosys.a(lseek.o)
                0x00000000000110d6                _lseek
 .text._read    0x00000000000110e6       0x10 e:/mounriver/mounriver_studio/toolchain/risc-v embedded gcc/bin/../lib/gcc/riscv-none-embed/8.2.0/../../../../riscv-none-embed/lib/rv32imafc/ilp32f\libnosys.a(read.o)
                0x00000000000110e6                _read
 .text._sbrk    0x00000000000110f6       0x24 e:/mounriver/mounriver_studio/toolchain/risc-v embedded gcc/bin/../lib/gcc/riscv-none-embed/8.2.0/../../../../riscv-none-embed/lib/rv32imafc/ilp32f\libnosys.a(sbrk.o)
                0x00000000000110f6                _sbrk
 *(.rodata)
 *fill*         0x000000000001111a        0x2 
 .rodata        0x000000000001111c       0x78 ./zf_driver/zf_driver_pit.o
 .rodata        0x0000000000011194       0x50 ./zf_driver/zf_driver_pwm.o
 .rodata        0x00000000000111e4       0x55 ./zf_driver/zf_driver_soft_iic.o
 *fill*         0x0000000000011239        0x3 
 .rodata        0x000000000001123c       0x50 ./zf_driver/zf_driver_spi.o
 .rodata        0x000000000001128c       0x51 ./zf_driver/zf_driver_uart.o
 *fill*         0x00000000000112dd        0x3 
 .rodata        0x00000000000112e0        0x8 ./zf_device/zf_device_dm1xa.o
 .rodata        0x00000000000112e8       0xf0 ./zf_device/zf_device_gps_tau1201.o
 .rodata        0x00000000000113d8       0x50 ./zf_device/zf_device_key.o
 .rodata        0x0000000000011428       0x8e ./zf_device/zf_device_mt9v03x_dvp.o
 *fill*         0x00000000000114b6        0x2 
 .rodata        0x00000000000114b8       0x68 ./zf_device/zf_device_tft180.o
 .rodata        0x0000000000011520       0x5a ./zf_device/zf_device_wireless_uart.o
 *fill*         0x000000000001157a        0x2 
 .rodata        0x000000000001157c       0x78 ./zf_common/zf_common_debug.o
 .rodata        0x00000000000115f4       0x51 ./zf_common/zf_common_fifo.o
 *fill*         0x0000000000011645        0x3 
 .rodata        0x0000000000011648       0x98 ./zf_common/zf_common_function.o
 .rodata        0x00000000000116e0       0x41 ./sdk/Peripheral/ch32v30x_usbotg_device.o
 *fill*         0x0000000000011721        0x7 
 .rodata        0x0000000000011728       0x40 ./code/Encoder.o
 .rodata        0x0000000000011768       0x49 ./code/Menu.o
 *fill*         0x00000000000117b1        0x3 
 .rodata        0x00000000000117b4        0x9 ./code/VO.o
 *fill*         0x00000000000117bd        0x3 
 .rodata        0x00000000000117c0        0xc ./code/pid.o
 *(.rodata*)
 .rodata.encoder_get_count
                0x00000000000117cc       0x28 ./zf_driver/zf_driver_encoder.o
 .rodata.encoder_clear_count
                0x00000000000117f4       0x28 ./zf_driver/zf_driver_encoder.o
 .rodata.pit_init
                0x000000000001181c       0x28 ./zf_driver/zf_driver_pit.o
 .rodata.pwm_init
                0x0000000000011844       0x28 ./zf_driver/zf_driver_pwm.o
 .rodata.spi_index
                0x000000000001186c        0xc ./zf_driver/zf_driver_spi.o
                0x000000000001186c                spi_index
 .rodata.timer_get
                0x0000000000011878       0x28 ./zf_driver/zf_driver_timer.o
 .rodata.timer_clear
                0x00000000000118a0       0x28 ./zf_driver/zf_driver_timer.o
 .rodata.uart_index
                0x00000000000118c8       0x20 ./zf_driver/zf_driver_uart.o
                0x00000000000118c8                uart_index
 .rodata.key_index
                0x00000000000118e8       0x10 ./zf_device/zf_device_key.o
 .rodata.ascii_font_8x16
                0x00000000000118f8      0x5f0 ./zf_common/zf_common_font.o
                0x00000000000118f8                ascii_font_8x16
 .rodata.ascii_font_6x8
                0x0000000000011ee8      0x228 ./zf_common/zf_common_font.o
                0x0000000000011ee8                ascii_font_6x8
 .rodata.MyDevDescrHD
                0x0000000000012110       0x12 ./sdk/Peripheral/ch32v30x_usbotg_device.o
                0x0000000000012110                MyDevDescrHD
 *fill*         0x0000000000012122        0x2 
 .rodata.MyCfgDescrHD
                0x0000000000012124       0x43 ./sdk/Peripheral/ch32v30x_usbotg_device.o
                0x0000000000012124                MyCfgDescrHD
 *fill*         0x0000000000012167        0x1 
 .rodata.MyReportDescHD
                0x0000000000012168       0x14 ./sdk/Peripheral/ch32v30x_usbotg_device.o
                0x0000000000012168                MyReportDescHD
 .rodata.MyManuInfoHD
                0x000000000001217c        0xe ./sdk/Peripheral/ch32v30x_usbotg_device.o
                0x000000000001217c                MyManuInfoHD
 *fill*         0x000000000001218a        0x2 
 .rodata.MyProdInfoHD
                0x000000000001218c        0xc ./sdk/Peripheral/ch32v30x_usbotg_device.o
                0x000000000001218c                MyProdInfoHD
 .rodata.MySerNumInfoHD
                0x0000000000012198       0x16 ./sdk/Peripheral/ch32v30x_usbotg_device.o
                0x0000000000012198                MySerNumInfoHD
 *fill*         0x00000000000121ae        0x2 
 .rodata.MyUSBQUADescHD
                0x00000000000121b0        0xa ./sdk/Peripheral/ch32v30x_usbotg_device.o
                0x00000000000121b0                MyUSBQUADescHD
 *fill*         0x00000000000121ba        0x2 
 .rodata.OTG_FS_IRQHandler
                0x00000000000121bc       0xbc ./sdk/Peripheral/ch32v30x_usbotg_device.o
 .rodata.VofaInteract
                0x0000000000012278       0x8c ./code/VO.o
 .rodata.__divdf3
                0x0000000000012304       0x40 e:/mounriver/mounriver_studio/toolchain/risc-v embedded gcc/bin/../lib/gcc/riscv-none-embed/8.2.0/rv32imafc/ilp32f\libgcc.a(divdf3.o)
 .rodata.__muldf3
                0x0000000000012344       0x40 e:/mounriver/mounriver_studio/toolchain/risc-v embedded gcc/bin/../lib/gcc/riscv-none-embed/8.2.0/rv32imafc/ilp32f\libgcc.a(muldf3.o)
 .rodata.__clz_tab
                0x0000000000012384      0x100 e:/mounriver/mounriver_studio/toolchain/risc-v embedded gcc/bin/../lib/gcc/riscv-none-embed/8.2.0/rv32imafc/ilp32f\libgcc.a(_clz.o)
                0x0000000000012384                __clz_tab
 *fill*         0x0000000000012484        0x4 
 .rodata._printf_float.cst8
                0x0000000000012488        0x8 e:/mounriver/mounriver_studio/toolchain/risc-v embedded gcc/bin/../lib/gcc/riscv-none-embed/8.2.0/../../../../riscv-none-embed/lib/rv32imafc/ilp32f\libg_nano.a(lib_a-nano-vfprintf_float.o)
 .rodata._printf_float.str1.4
                0x0000000000012490       0x12 e:/mounriver/mounriver_studio/toolchain/risc-v embedded gcc/bin/../lib/gcc/riscv-none-embed/8.2.0/../../../../riscv-none-embed/lib/rv32imafc/ilp32f\libg_nano.a(lib_a-nano-vfprintf_float.o)
 *fill*         0x00000000000124a2        0x2 
 .rodata._printf_i.str1.4
                0x00000000000124a4       0x25 e:/mounriver/mounriver_studio/toolchain/risc-v embedded gcc/bin/../lib/gcc/riscv-none-embed/8.2.0/../../../../riscv-none-embed/lib/rv32imafc/ilp32f\libg_nano.a(lib_a-nano-vfprintf_i.o)
 *fill*         0x00000000000124c9        0x7 
 .rodata._dtoa_r.cst8
                0x00000000000124d0       0x48 e:/mounriver/mounriver_studio/toolchain/risc-v embedded gcc/bin/../lib/gcc/riscv-none-embed/8.2.0/../../../../riscv-none-embed/lib/rv32imafc/ilp32f\libg_nano.a(lib_a-dtoa.o)
 .rodata._dtoa_r.str1.4
                0x0000000000012518       0x10 e:/mounriver/mounriver_studio/toolchain/risc-v embedded gcc/bin/../lib/gcc/riscv-none-embed/8.2.0/../../../../riscv-none-embed/lib/rv32imafc/ilp32f\libg_nano.a(lib_a-dtoa.o)
                                         0x12 (size before relaxing)
 .rodata.__sf_fake_stderr
                0x0000000000012528       0x20 e:/mounriver/mounriver_studio/toolchain/risc-v embedded gcc/bin/../lib/gcc/riscv-none-embed/8.2.0/../../../../riscv-none-embed/lib/rv32imafc/ilp32f\libg_nano.a(lib_a-findfp.o)
                0x0000000000012528                __sf_fake_stderr
 .rodata.__sf_fake_stdin
                0x0000000000012548       0x20 e:/mounriver/mounriver_studio/toolchain/risc-v embedded gcc/bin/../lib/gcc/riscv-none-embed/8.2.0/../../../../riscv-none-embed/lib/rv32imafc/ilp32f\libg_nano.a(lib_a-findfp.o)
                0x0000000000012548                __sf_fake_stdin
 .rodata.__sf_fake_stdout
                0x0000000000012568       0x20 e:/mounriver/mounriver_studio/toolchain/risc-v embedded gcc/bin/../lib/gcc/riscv-none-embed/8.2.0/../../../../riscv-none-embed/lib/rv32imafc/ilp32f\libg_nano.a(lib_a-findfp.o)
                0x0000000000012568                __sf_fake_stdout
 .rodata.__mprec_bigtens
                0x0000000000012588       0x28 e:/mounriver/mounriver_studio/toolchain/risc-v embedded gcc/bin/../lib/gcc/riscv-none-embed/8.2.0/../../../../riscv-none-embed/lib/rv32imafc/ilp32f\libg_nano.a(lib_a-mprec.o)
                0x0000000000012588                __mprec_bigtens
 .rodata.__mprec_tens
                0x00000000000125b0       0xc8 e:/mounriver/mounriver_studio/toolchain/risc-v embedded gcc/bin/../lib/gcc/riscv-none-embed/8.2.0/../../../../riscv-none-embed/lib/rv32imafc/ilp32f\libg_nano.a(lib_a-mprec.o)
                0x00000000000125b0                __mprec_tens
 .rodata.p05.3321
                0x0000000000012678        0xc e:/mounriver/mounriver_studio/toolchain/risc-v embedded gcc/bin/../lib/gcc/riscv-none-embed/8.2.0/../../../../riscv-none-embed/lib/rv32imafc/ilp32f\libg_nano.a(lib_a-mprec.o)
 .rodata._svfprintf_r.str1.4
                0x0000000000012684       0x13 e:/mounriver/mounriver_studio/toolchain/risc-v embedded gcc/bin/../lib/gcc/riscv-none-embed/8.2.0/../../../../riscv-none-embed/lib/rv32imafc/ilp32f\libg_nano.a(lib_a-nano-svfprintf.o)
 .rodata._vfprintf_r.str1.4
                0x0000000000012697       0x13 e:/mounriver/mounriver_studio/toolchain/risc-v embedded gcc/bin/../lib/gcc/riscv-none-embed/8.2.0/../../../../riscv-none-embed/lib/rv32imafc/ilp32f\libg_nano.a(lib_a-nano-vfprintf.o)
 *fill*         0x0000000000012697        0x1 
 .rodata._setlocale_r.str1.4
                0x0000000000012698        0xa e:/mounriver/mounriver_studio/toolchain/risc-v embedded gcc/bin/../lib/gcc/riscv-none-embed/8.2.0/../../../../riscv-none-embed/lib/rv32imafc/ilp32f\libg_nano.a(lib_a-locale.o)
                                          0xd (size before relaxing)
 *fill*         0x00000000000126a2        0x2 
 .rodata.str1.4
                0x00000000000126a4        0x4 e:/mounriver/mounriver_studio/toolchain/risc-v embedded gcc/bin/../lib/gcc/riscv-none-embed/8.2.0/../../../../riscv-none-embed/lib/rv32imafc/ilp32f\libg_nano.a(lib_a-locale.o)
                                          0x2 (size before relaxing)
 .rodata._ctype_
                0x00000000000126a8      0x101 e:/mounriver/mounriver_studio/toolchain/risc-v embedded gcc/bin/../lib/gcc/riscv-none-embed/8.2.0/../../../../riscv-none-embed/lib/rv32imafc/ilp32f\libg_nano.a(lib_a-ctype_.o)
                0x00000000000126a8                _ctype_
 *(.glue_7)
 *(.glue_7t)
 *(.gnu.linkonce.t.*)
                0x00000000000127ac                . = ALIGN (0x4)
 *fill*         0x00000000000127a9        0x3 

.rela.dyn       0x00000000000127ac        0x0
 .rela.init     0x00000000000127ac        0x0 ./zf_driver/zf_driver_delay.o
 .rela.vector   0x00000000000127ac        0x0 ./zf_driver/zf_driver_delay.o
 .rela.text.handle_reset
                0x00000000000127ac        0x0 ./zf_driver/zf_driver_delay.o
 .rela.text._svfprintf_r
                0x00000000000127ac        0x0 ./zf_driver/zf_driver_delay.o
 .rela.text._vfprintf_r
                0x00000000000127ac        0x0 ./zf_driver/zf_driver_delay.o
 .rela.text._sbrk_r
                0x00000000000127ac        0x0 ./zf_driver/zf_driver_delay.o
 .rela.text._write_r
                0x00000000000127ac        0x0 ./zf_driver/zf_driver_delay.o
 .rela.text._close_r
                0x00000000000127ac        0x0 ./zf_driver/zf_driver_delay.o
 .rela.text._lseek_r
                0x00000000000127ac        0x0 ./zf_driver/zf_driver_delay.o
 .rela.text._read_r
                0x00000000000127ac        0x0 ./zf_driver/zf_driver_delay.o
 .rela.text._fstat_r
                0x00000000000127ac        0x0 ./zf_driver/zf_driver_delay.o
 .rela.text._isatty_r
                0x00000000000127ac        0x0 ./zf_driver/zf_driver_delay.o
 .rela.text._close
                0x00000000000127ac        0x0 ./zf_driver/zf_driver_delay.o
 .rela.text._fstat
                0x00000000000127ac        0x0 ./zf_driver/zf_driver_delay.o
 .rela.text._isatty
                0x00000000000127ac        0x0 ./zf_driver/zf_driver_delay.o
 .rela.text._lseek
                0x00000000000127ac        0x0 ./zf_driver/zf_driver_delay.o
 .rela.text._read
                0x00000000000127ac        0x0 ./zf_driver/zf_driver_delay.o
 .rela.text._sbrk
                0x00000000000127ac        0x0 ./zf_driver/zf_driver_delay.o

.fini           0x00000000000127ac        0x0
 *(SORT_NONE(.fini))
                0x00000000000127ac                . = ALIGN (0x4)
                [!provide]                        PROVIDE (_etext = .)
                [!provide]                        PROVIDE (_eitcm = .)

.preinit_array  0x00000000000127ac        0x0
                [!provide]                        PROVIDE (__preinit_array_start = .)
 *(.preinit_array)
                [!provide]                        PROVIDE (__preinit_array_end = .)

.init_array     0x00000000000127ac        0x0
                [!provide]                        PROVIDE (__init_array_start = .)
 *(SORT_BY_INIT_PRIORITY(.init_array.*) SORT_BY_INIT_PRIORITY(.ctors.*))
 *(.init_array EXCLUDE_FILE(*crtend?.o *crtend.o *crtbegin?.o *crtbegin.o) .ctors)
                [!provide]                        PROVIDE (__init_array_end = .)

.fini_array     0x00000000000127ac        0x0
                [!provide]                        PROVIDE (__fini_array_start = .)
 *(SORT_BY_INIT_PRIORITY(.fini_array.*) SORT_BY_INIT_PRIORITY(.dtors.*))
 *(.fini_array EXCLUDE_FILE(*crtend?.o *crtend.o *crtbegin?.o *crtbegin.o) .dtors)
                [!provide]                        PROVIDE (__fini_array_end = .)

.ctors
 *crtbegin.o(.ctors)
 *crtbegin?.o(.ctors)
 *(EXCLUDE_FILE(*crtend?.o *crtend.o) .ctors)
 *(SORT_BY_NAME(.ctors.*))
 *(.ctors)

.dtors
 *crtbegin.o(.dtors)
 *crtbegin?.o(.dtors)
 *(EXCLUDE_FILE(*crtend?.o *crtend.o) .dtors)
 *(SORT_BY_NAME(.dtors.*))
 *(.dtors)

.dalign         0x0000000020000040        0x0 load address 0x00000000000127ac
                0x0000000020000040                . = ALIGN (0x4)
                0x0000000020000040                PROVIDE (_data_vma = .)

.dlalign        0x00000000000127ac        0x0
                0x00000000000127ac                . = ALIGN (0x4)
                0x00000000000127ac                PROVIDE (_data_lma = .)

.data           0x0000000020000040      0x448 load address 0x00000000000127ac
 *(.gnu.linkonce.r.*)
 *(.data .data.*)
 .data.encoder_dir_pin
                0x0000000020000040        0xa ./zf_driver/zf_driver_encoder.o
 *fill*         0x000000002000004a        0x2 
 .data.gpio_group
                0x000000002000004c       0x14 ./zf_driver/zf_driver_gpio.o
                0x000000002000004c                gpio_group
 .data.KEY_STATE
                0x0000000020000060       0x10 ./zf_device/zf_device_key.o
                0x0000000020000060                KEY_STATE
 .data.mt9v03x_set_confing_buffer
                0x0000000020000070       0x28 ./zf_device/zf_device_mt9v03x_dvp.o
 .data.mt9v03x_get_confing_buffer
                0x0000000020000098       0x24 ./zf_device/zf_device_mt9v03x_dvp.o
 .data.APBAHBPrescTable
                0x00000000200000bc       0x10 ./sdk/Peripheral/ch32v30x_rcc.o
 .data.TAB_USB_FS_OSC_DESC
                0x00000000200000cc       0x43 ./sdk/Peripheral/ch32v30x_usbotg_device.o
                0x00000000200000cc                TAB_USB_FS_OSC_DESC
 *fill*         0x000000002000010f        0x1 
 .data.key_index_array
                0x0000000020000110       0x10 ./code/Menu.o
                0x0000000020000110                key_index_array
 .data.menus    0x0000000020000120      0x140 ./code/Menu.o
                0x0000000020000120                menus
 .data.impure_data
                0x0000000020000260       0x60 e:/mounriver/mounriver_studio/toolchain/risc-v embedded gcc/bin/../lib/gcc/riscv-none-embed/8.2.0/../../../../riscv-none-embed/lib/rv32imafc/ilp32f\libg_nano.a(lib_a-impure.o)
 .data.__global_locale
                0x00000000200002c0      0x16c e:/mounriver/mounriver_studio/toolchain/risc-v embedded gcc/bin/../lib/gcc/riscv-none-embed/8.2.0/../../../../riscv-none-embed/lib/rv32imafc/ilp32f\libg_nano.a(lib_a-locale.o)
                0x00000000200002c0                __global_locale
 *(.gnu.linkonce.d.*)
                0x0000000020000430                . = ALIGN (0x8)
 *fill*         0x000000002000042c        0x4 
                0x0000000020000c30                PROVIDE (__global_pointer$ = (. + 0x800))
 *(.sdata .sdata.*)
 .sdata.dm1xa_distance_mm
                0x0000000020000430        0x2 ./zf_device/zf_device_dm1xa.o
 .sdata.tft180_pencolor
                0x0000000020000432        0x2 ./zf_device/zf_device_tft180.o
 .sdata.tft180_bgcolor
                0x0000000020000434        0x2 ./zf_device/zf_device_tft180.o
 *fill*         0x0000000020000436        0x2 
 .sdata.tft180_display_font
                0x0000000020000438        0x4 ./zf_device/zf_device_tft180.o
 .sdata.tft180_x_max
                0x000000002000043c        0x1 ./zf_device/zf_device_tft180.o
 .sdata.tft180_y_max
                0x000000002000043d        0x1 ./zf_device/zf_device_tft180.o
 *fill*         0x000000002000043e        0x2 
 .sdata.camera_uart_handler
                0x0000000020000440        0x4 ./zf_device/zf_device_type.o
                0x0000000020000440                camera_uart_handler
 .sdata.camera_dvp_handler
                0x0000000020000444        0x4 ./zf_device/zf_device_type.o
                0x0000000020000444                camera_dvp_handler
 .sdata.wireless_module_uart_handler
                0x0000000020000448        0x4 ./zf_device/zf_device_type.o
                0x0000000020000448                wireless_module_uart_handler
 .sdata.tof_module_exti_handler
                0x000000002000044c        0x4 ./zf_device/zf_device_type.o
                0x000000002000044c                tof_module_exti_handler
 .sdata.system_clock
                0x0000000020000450        0x4 ./zf_common/zf_common_clock.o
                0x0000000020000450                system_clock
 .sdata.zf_debug_assert_enable
                0x0000000020000454        0x1 ./zf_common/zf_common_debug.o
 *fill*         0x0000000020000455        0x3 
 .sdata.ADCPrescTable
                0x0000000020000458        0x4 ./sdk/Peripheral/ch32v30x_rcc.o
 .sdata.USBHD_Dev_Speed
                0x000000002000045c        0x1 ./sdk/Peripheral/ch32v30x_usbotg_device.o
                0x000000002000045c                USBHD_Dev_Speed
 *fill*         0x000000002000045d        0x3 
 .sdata.LineCoding
                0x0000000020000460        0x7 ./sdk/Peripheral/ch32v30x_usbotg_device.o
                0x0000000020000460                LineCoding
 *fill*         0x0000000020000467        0x1 
 .sdata.tail    0x0000000020000468        0x4 ./code/Encoder.o
                0x0000000020000468                tail
 .sdata.t       0x000000002000046c        0x4 ./code/Menu.o
                0x000000002000046c                t
 .sdata._impure_ptr
                0x0000000020000470        0x4 e:/mounriver/mounriver_studio/toolchain/risc-v embedded gcc/bin/../lib/gcc/riscv-none-embed/8.2.0/../../../../riscv-none-embed/lib/rv32imafc/ilp32f\libg_nano.a(lib_a-impure.o)
                0x0000000020000470                _impure_ptr
 *(.sdata2.*)
 .sdata2.uart_irq
                0x0000000020000474        0x8 ./zf_driver/zf_driver_uart.o
                0x0000000020000474                uart_irq
 .sdata2.MyLangDescrHD
                0x000000002000047c        0x4 ./sdk/Peripheral/ch32v30x_usbotg_device.o
                0x000000002000047c                MyLangDescrHD
 .sdata2._global_impure_ptr
                0x0000000020000480        0x4 e:/mounriver/mounriver_studio/toolchain/risc-v embedded gcc/bin/../lib/gcc/riscv-none-embed/8.2.0/../../../../riscv-none-embed/lib/rv32imafc/ilp32f\libg_nano.a(lib_a-impure.o)
                0x0000000020000480                _global_impure_ptr
 *(.gnu.linkonce.s.*)
                0x0000000020000488                . = ALIGN (0x8)
 *fill*         0x0000000020000484        0x4 
 *(.srodata.cst16)
 *(.srodata.cst8)
 *(.srodata.cst4)
 *(.srodata.cst2)
 *(.srodata .srodata.*)
                0x0000000020000488                . = ALIGN (0x4)
                0x0000000020000488                PROVIDE (_edata = .)

.bss            0x0000000020000488     0x3ba4 load address 0x0000000000012bf4
                0x0000000020000488                . = ALIGN (0x4)
                0x0000000020000488                PROVIDE (_sbss = .)
 *(.sbss*)
 .sbss.camera_receiver_buffer
                0x0000000020000488        0x8 ./zf_device/zf_device_camera.o
                0x0000000020000488                camera_receiver_buffer
 .sbss.dm1xa_plus_count
                0x0000000020000490        0x4 ./zf_device/zf_device_dm1xa.o
 .sbss.dm1xa_type
                0x0000000020000494        0x4 ./zf_device/zf_device_dm1xa.o
 .sbss.dm1xa_ranging_state
                0x0000000020000498        0x4 ./zf_device/zf_device_dm1xa.o
 .sbss.gps_tau1201_flag
                0x000000002000049c        0x1 ./zf_device/zf_device_gps_tau1201.o
                0x000000002000049c                gps_tau1201_flag
 .sbss.gps_tau1201_state
                0x000000002000049d        0x1 ./zf_device/zf_device_gps_tau1201.o
 *fill*         0x000000002000049e        0x2 
 .sbss.gps_gga_state
                0x00000000200004a0        0x4 ./zf_device/zf_device_gps_tau1201.o
                0x00000000200004a0                gps_gga_state
 .sbss.gps_rmc_state
                0x00000000200004a4        0x4 ./zf_device/zf_device_gps_tau1201.o
                0x00000000200004a4                gps_rmc_state
 .sbss.scanner_period
                0x00000000200004a8        0x4 ./zf_device/zf_device_key.o
 .sbss.KEY_1S   0x00000000200004ac        0x1 ./zf_device/zf_device_key.o
                0x00000000200004ac                KEY_1S
 .sbss.KEY_2S   0x00000000200004ad        0x1 ./zf_device/zf_device_key.o
                0x00000000200004ad                KEY_2S
 .sbss.KEY_3S   0x00000000200004ae        0x1 ./zf_device/zf_device_key.o
                0x00000000200004ae                KEY_3S
 .sbss.KEY_4S   0x00000000200004af        0x1 ./zf_device/zf_device_key.o
                0x00000000200004af                KEY_4S
 .sbss.mt9v03x_finish_flag
                0x00000000200004b0        0x1 ./zf_device/zf_device_mt9v03x_dvp.o
                0x00000000200004b0                mt9v03x_finish_flag
 *fill*         0x00000000200004b1        0x3 
 .sbss.mt9v03x_type
                0x00000000200004b4        0x4 ./zf_device/zf_device_mt9v03x_dvp.o
 .sbss.mt9v03x_version
                0x00000000200004b8        0x2 ./zf_device/zf_device_mt9v03x_dvp.o
 *fill*         0x00000000200004ba        0x2 
 .sbss.tft180_display_dir
                0x00000000200004bc        0x4 ./zf_device/zf_device_tft180.o
 .sbss.camera_type
                0x00000000200004c0        0x4 ./zf_device/zf_device_type.o
                0x00000000200004c0                camera_type
 .sbss.wireless_type
                0x00000000200004c4        0x4 ./zf_device/zf_device_type.o
                0x00000000200004c4                wireless_type
 .sbss.wireless_uart_data
                0x00000000200004c8        0x1 ./zf_device/zf_device_wireless_uart.o
 .sbss.debug_uart_data
                0x00000000200004c9        0x1 ./zf_common/zf_common_debug.o
                0x00000000200004c9                debug_uart_data
 .sbss.zf_debug_init_flag
                0x00000000200004ca        0x1 ./zf_common/zf_common_debug.o
 .sbss.assert_nest_index.5039
                0x00000000200004cb        0x1 ./zf_common/zf_common_debug.o
 .sbss.interrupt_nest_count
                0x00000000200004cc        0x4 ./zf_common/zf_common_interrupt.o
 .sbss.EP0_DatabufHD
                0x00000000200004d0        0x8 ./sdk/Peripheral/ch32v30x_usbotg_device.o
                0x00000000200004d0                EP0_DatabufHD
 .sbss.pEP0_RAM_Addr
                0x00000000200004d8        0x4 ./sdk/Peripheral/ch32v30x_usbotg_device.o
                0x00000000200004d8                pEP0_RAM_Addr
 .sbss.pEP1_RAM_Addr
                0x00000000200004dc        0x4 ./sdk/Peripheral/ch32v30x_usbotg_device.o
                0x00000000200004dc                pEP1_RAM_Addr
 .sbss.pEP2_RAM_Addr
                0x00000000200004e0        0x4 ./sdk/Peripheral/ch32v30x_usbotg_device.o
                0x00000000200004e0                pEP2_RAM_Addr
 .sbss.pDescr   0x00000000200004e4        0x4 ./sdk/Peripheral/ch32v30x_usbotg_device.o
                0x00000000200004e4                pDescr
 .sbss.USBHD_Dev_SetupReqLen
                0x00000000200004e8        0x2 ./sdk/Peripheral/ch32v30x_usbotg_device.o
                0x00000000200004e8                USBHD_Dev_SetupReqLen
 .sbss.USBHD_Dev_SleepStatus
                0x00000000200004ea        0x1 ./sdk/Peripheral/ch32v30x_usbotg_device.o
                0x00000000200004ea                USBHD_Dev_SleepStatus
 .sbss.DevConfig
                0x00000000200004eb        0x1 ./sdk/Peripheral/ch32v30x_usbotg_device.o
                0x00000000200004eb                DevConfig
 .sbss.SetupReqCode
                0x00000000200004ec        0x1 ./sdk/Peripheral/ch32v30x_usbotg_device.o
                0x00000000200004ec                SetupReqCode
 *fill*         0x00000000200004ed        0x1 
 .sbss.SetupReqLen
                0x00000000200004ee        0x2 ./sdk/Peripheral/ch32v30x_usbotg_device.o
                0x00000000200004ee                SetupReqLen
 .sbss.ENCO_Wish_L
                0x00000000200004f0        0x2 ./code/Encoder.o
                0x00000000200004f0                ENCO_Wish_L
 .sbss.ENCO_Wish_R
                0x00000000200004f2        0x2 ./code/Encoder.o
                0x00000000200004f2                ENCO_Wish_R
 .sbss.encoder_data_1
                0x00000000200004f4        0x2 ./code/Encoder.o
                0x00000000200004f4                encoder_data_1
 .sbss.encoder_data_2
                0x00000000200004f6        0x2 ./code/Encoder.o
                0x00000000200004f6                encoder_data_2
 .sbss.encoder_sum_1
                0x00000000200004f8        0x2 ./code/Encoder.o
                0x00000000200004f8                encoder_sum_1
 .sbss.encoder_sum_2
                0x00000000200004fa        0x2 ./code/Encoder.o
                0x00000000200004fa                encoder_sum_2
 .sbss.loop     0x00000000200004fc        0x1 ./code/Menu.o
                0x00000000200004fc                loop
 .sbss.count_beep
                0x00000000200004fd        0x1 ./code/Menu.o
                0x00000000200004fd                count_beep
 *fill*         0x00000000200004fe        0x2 
 .sbss.new_menu
                0x0000000020000500        0x4 ./code/Menu.o
                0x0000000020000500                new_menu
 .sbss.current_level.8182
                0x0000000020000504        0x4 ./code/Menu.o
 .sbss.parent_menu_id.8209
                0x0000000020000508        0x4 ./code/Menu.o
 .sbss.highlight_col.8210
                0x000000002000050c        0x4 ./code/Menu.o
 .sbss.UART_RX_Buffer
                0x0000000020000510        0x8 ./code/VO.o
                0x0000000020000510                UART_RX_Buffer
 .sbss.frameHeadFlag
                0x0000000020000518        0x1 ./code/VO.o
                0x0000000020000518                frameHeadFlag
 .sbss.frameEndFlag
                0x0000000020000519        0x1 ./code/VO.o
                0x0000000020000519                frameEndFlag
 *fill*         0x000000002000051a        0x2 
 .sbss.Receive  0x000000002000051c        0x8 ./code/VO.o
                0x000000002000051c                Receive
 .sbss.error.8198
                0x0000000020000524        0x2 ./code/pid.o
 .sbss.pwm_L.8200
                0x0000000020000526        0x2 ./code/pid.o
 .sbss.last_error.8199
                0x0000000020000528        0x2 ./code/pid.o
 .sbss.error.8206
                0x000000002000052a        0x2 ./code/pid.o
 .sbss.pwm_R.8208
                0x000000002000052c        0x2 ./code/pid.o
 .sbss.last_error.8207